Archive member included to satisfy reference by file (symbol)

/opt/homebrew/Cellar/arm-none-eabi-gcc/10.3-2021.07/gcc/bin/../lib/gcc/arm-none-eabi/10.3.1/thumb/v6-m/nofp/libgcc.a(_dvmd_tls.o)
                              CMakeFiles/adc_display.dir/Users/thetragedyofdarthwise/pico/pico-sdk/src/rp2_common/pico_divider/divider.S.obj (__aeabi_idiv0)
/opt/homebrew/Cellar/arm-none-eabi-gcc/10.3-2021.07/gcc/bin/../lib/gcc/arm-none-eabi/10.3.1/../../../../arm-none-eabi/lib/thumb/v6-m/nofp/libc.a(lib_a-calloc.o)
                              CMakeFiles/adc_display.dir/Users/thetragedyofdarthwise/pico/pico-sdk/src/rp2_common/pico_malloc/pico_malloc.c.obj (calloc)
/opt/homebrew/Cellar/arm-none-eabi-gcc/10.3-2021.07/gcc/bin/../lib/gcc/arm-none-eabi/10.3.1/../../../../arm-none-eabi/lib/thumb/v6-m/nofp/libc.a(lib_a-callocr.o)
                              /opt/homebrew/Cellar/arm-none-eabi-gcc/10.3-2021.07/gcc/bin/../lib/gcc/arm-none-eabi/10.3.1/../../../../arm-none-eabi/lib/thumb/v6-m/nofp/libc.a(lib_a-calloc.o) (_calloc_r)
/opt/homebrew/Cellar/arm-none-eabi-gcc/10.3-2021.07/gcc/bin/../lib/gcc/arm-none-eabi/10.3.1/../../../../arm-none-eabi/lib/thumb/v6-m/nofp/libc.a(lib_a-errno.o)
                              /opt/homebrew/Cellar/arm-none-eabi-gcc/10.3-2021.07/gcc/bin/../lib/gcc/arm-none-eabi/10.3.1/../../../../arm-none-eabi/lib/thumb/v6-m/nofp/libc.a(lib_a-callocr.o) (__errno)
/opt/homebrew/Cellar/arm-none-eabi-gcc/10.3-2021.07/gcc/bin/../lib/gcc/arm-none-eabi/10.3.1/../../../../arm-none-eabi/lib/thumb/v6-m/nofp/libc.a(lib_a-impure.o)
                              /opt/homebrew/Cellar/arm-none-eabi-gcc/10.3-2021.07/gcc/bin/../lib/gcc/arm-none-eabi/10.3.1/../../../../arm-none-eabi/lib/thumb/v6-m/nofp/libc.a(lib_a-calloc.o) (_impure_ptr)
/opt/homebrew/Cellar/arm-none-eabi-gcc/10.3-2021.07/gcc/bin/../lib/gcc/arm-none-eabi/10.3.1/../../../../arm-none-eabi/lib/thumb/v6-m/nofp/libc.a(lib_a-init.o)
                              /opt/homebrew/Cellar/arm-none-eabi-gcc/10.3-2021.07/gcc/bin/../lib/gcc/arm-none-eabi/10.3.1/../../../../arm-none-eabi/lib/thumb/v6-m/nofp/crt0.o (__libc_init_array)
/opt/homebrew/Cellar/arm-none-eabi-gcc/10.3-2021.07/gcc/bin/../lib/gcc/arm-none-eabi/10.3.1/../../../../arm-none-eabi/lib/thumb/v6-m/nofp/libc.a(lib_a-malloc.o)
                              CMakeFiles/adc_display.dir/Users/thetragedyofdarthwise/pico/pico-sdk/src/rp2_common/pico_malloc/pico_malloc.c.obj (malloc)
/opt/homebrew/Cellar/arm-none-eabi-gcc/10.3-2021.07/gcc/bin/../lib/gcc/arm-none-eabi/10.3.1/../../../../arm-none-eabi/lib/thumb/v6-m/nofp/libc.a(lib_a-mallocr.o)
                              /opt/homebrew/Cellar/arm-none-eabi-gcc/10.3-2021.07/gcc/bin/../lib/gcc/arm-none-eabi/10.3.1/../../../../arm-none-eabi/lib/thumb/v6-m/nofp/libc.a(lib_a-callocr.o) (_malloc_r)
/opt/homebrew/Cellar/arm-none-eabi-gcc/10.3-2021.07/gcc/bin/../lib/gcc/arm-none-eabi/10.3.1/../../../../arm-none-eabi/lib/thumb/v6-m/nofp/libc.a(lib_a-mlock.o)
                              /opt/homebrew/Cellar/arm-none-eabi-gcc/10.3-2021.07/gcc/bin/../lib/gcc/arm-none-eabi/10.3.1/../../../../arm-none-eabi/lib/thumb/v6-m/nofp/libc.a(lib_a-mallocr.o) (__malloc_lock)
/opt/homebrew/Cellar/arm-none-eabi-gcc/10.3-2021.07/gcc/bin/../lib/gcc/arm-none-eabi/10.3.1/../../../../arm-none-eabi/lib/thumb/v6-m/nofp/libc.a(lib_a-realloc.o)
                              CMakeFiles/adc_display.dir/Users/thetragedyofdarthwise/pico/pico-sdk/src/rp2_common/pico_malloc/pico_malloc.c.obj (realloc)
/opt/homebrew/Cellar/arm-none-eabi-gcc/10.3-2021.07/gcc/bin/../lib/gcc/arm-none-eabi/10.3.1/../../../../arm-none-eabi/lib/thumb/v6-m/nofp/libc.a(lib_a-reallocr.o)
                              /opt/homebrew/Cellar/arm-none-eabi-gcc/10.3-2021.07/gcc/bin/../lib/gcc/arm-none-eabi/10.3.1/../../../../arm-none-eabi/lib/thumb/v6-m/nofp/libc.a(lib_a-realloc.o) (_realloc_r)
/opt/homebrew/Cellar/arm-none-eabi-gcc/10.3-2021.07/gcc/bin/../lib/gcc/arm-none-eabi/10.3.1/../../../../arm-none-eabi/lib/thumb/v6-m/nofp/libc.a(lib_a-sbrkr.o)
                              /opt/homebrew/Cellar/arm-none-eabi-gcc/10.3-2021.07/gcc/bin/../lib/gcc/arm-none-eabi/10.3.1/../../../../arm-none-eabi/lib/thumb/v6-m/nofp/libc.a(lib_a-mallocr.o) (_sbrk_r)
/opt/homebrew/Cellar/arm-none-eabi-gcc/10.3-2021.07/gcc/bin/../lib/gcc/arm-none-eabi/10.3.1/../../../../arm-none-eabi/lib/thumb/v6-m/nofp/libc.a(lib_a-strlen-stub.o)
                              CMakeFiles/adc_display.dir/Users/thetragedyofdarthwise/pico/pico-sdk/src/rp2_common/pico_stdio/stdio.c.obj (strlen)
/opt/homebrew/Cellar/arm-none-eabi-gcc/10.3-2021.07/gcc/bin/../lib/gcc/arm-none-eabi/10.3.1/../../../../arm-none-eabi/lib/thumb/v6-m/nofp/libc.a(lib_a-freer.o)
                              /opt/homebrew/Cellar/arm-none-eabi-gcc/10.3-2021.07/gcc/bin/../lib/gcc/arm-none-eabi/10.3.1/../../../../arm-none-eabi/lib/thumb/v6-m/nofp/libc.a(lib_a-malloc.o) (_free_r)
[...]
Memory Configuration

Name             Origin             Length             Attributes
FLASH            0x0000000010000000 0x0000000000200000 xr
RAM              0x0000000020000000 0x0000000000040000 xrw
SCRATCH_X        0x0000000020040000 0x0000000000001000 xrw
SCRATCH_Y        0x0000000020041000 0x0000000000001000 xrw
*default*        0x0000000000000000 0xffffffffffffffff

Linker script and memory map

LOAD /opt/homebrew/Cellar/arm-none-eabi-gcc/10.3-2021.07/gcc/bin/../lib/gcc/arm-none-eabi/10.3.1/thumb/v6-m/nofp/crti.o
LOAD /opt/homebrew/Cellar/arm-none-eabi-gcc/10.3-2021.07/gcc/bin/../lib/gcc/arm-none-eabi/10.3.1/thumb/v6-m/nofp/crtbegin.o
LOAD /opt/homebrew/Cellar/arm-none-eabi-gcc/10.3-2021.07/gcc/bin/../lib/gcc/arm-none-eabi/10.3.1/../../../../arm-none-eabi/lib/thumb/v6-m/nofp/crt0.o

.flash_begin    0x0000000010000000        0x0
                0x0000000010000000                __flash_binary_start = .

.boot2          0x0000000010000000      0x100
                0x0000000010000000                __boot2_start__ = .
 *(.boot2)
 .boot2         0x0000000010000000      0x100 /var/folders/v4/7zxsd_212rv0j7qc8whpzjbm0000gn/T//ccqHWMk5.o
                0x0000000010000100                __boot2_end__ = .
                0x0000000000000001                ASSERT (((__boot2_end__ - __boot2_start__) == 0x100), ERROR: Pico second stage bootloader must be 256 bytes in size)

.text           0x0000000010000100     0x7b78
                0x0000000010000100                __logical_binary_start = .
 *(.vectors)
 .vectors       0x0000000010000100       0xd4 CMakeFiles/adc_display.dir/Users/thetragedyofdarthwise/pico/pico-sdk/src/rp2_common/pico_standard_link/crt0.S.obj
                0x0000000010000100                __VECTOR_TABLE
                0x0000000010000100                __vectors
                0x00000000100001c0                __default_isrs_start
                0x00000000100001c0                isr_invalid
                0x00000000100001c2                isr_nmi
                0x00000000100001c4                isr_hardfault
                0x00000000100001c6                isr_svcall
                0x00000000100001c8                isr_pendsv
                0x00000000100001ca                isr_systick
                0x00000000100001cc                isr_irq28
                0x00000000100001cc                isr_irq19
                0x00000000100001cc                isr_irq0
                0x00000000100001cc                isr_irq6
                0x00000000100001cc                isr_irq22
                0x00000000100001cc                isr_irq17
                0x00000000100001cc                isr_irq14
                0x00000000100001cc                isr_irq2
                0x00000000100001cc                isr_irq10
                0x00000000100001cc                isr_irq8
                0x00000000100001cc                isr_irq24
                0x00000000100001cc                isr_irq1
                0x00000000100001cc                isr_irq7
                0x00000000100001cc                isr_irq21
                0x00000000100001cc                isr_irq20
                0x00000000100001cc                isr_irq15
                0x00000000100001cc                isr_irq25
                0x00000000100001cc                isr_irq4
                0x00000000100001cc                isr_irq16
                0x00000000100001cc                isr_irq29
                0x00000000100001cc                isr_irq26
                0x00000000100001cc                __default_isrs_end
                0x00000000100001cc                isr_irq3
                0x00000000100001cc                isr_irq9
                0x00000000100001cc                __unhandled_user_irq
                0x00000000100001cc                isr_irq13
                0x00000000100001cc                isr_irq27
                0x00000000100001cc                isr_irq31
                0x00000000100001cc                isr_irq5
                0x00000000100001cc                isr_irq11
                0x00000000100001cc                isr_irq23
                0x00000000100001cc                isr_irq18
                0x00000000100001cc                isr_irq30
                0x00000000100001cc                isr_irq12
                0x00000000100001d2                unhandled_user_irq_num_in_r0
 *(.binary_info_header)
 .binary_info_header
                0x00000000100001d4       0x14 CMakeFiles/adc_display.dir/Users/thetragedyofdarthwise/pico/pico-sdk/src/rp2_common/pico_standard_link/crt0.S.obj
                0x00000000100001e8                __binary_info_header_end = .
 *(.reset)
 .reset         0x00000000100001e8       0xa0 CMakeFiles/adc_display.dir/Users/thetragedyofdarthwise/pico/pico-sdk/src/rp2_common/pico_standard_link/crt0.S.obj
                0x00000000100001e8                _entry_point
 .reset         0x0000000010000288       0x30 CMakeFiles/adc_display.dir/Users/thetragedyofdarthwise/pico/pico-sdk/src/rp2_common/pico_standard_link/binary_info.c.obj
 *(.init)
 .init          0x00000000100002b8        0x4 /opt/homebrew/Cellar/arm-none-eabi-gcc/10.3-2021.07/gcc/bin/../lib/gcc/arm-none-eabi/10.3.1/thumb/v6-m/nofp/crti.o
                0x00000000100002b8                _init
 *(EXCLUDE_FILE(*libm.a: *libc.a:*lib_a-mem*.o *libgcc.a:) .text*)
 .text          0x00000000100002bc       0x48 /opt/homebrew/Cellar/arm-none-eabi-gcc/10.3-2021.07/gcc/bin/../lib/gcc/arm-none-eabi/10.3.1/thumb/v6-m/nofp/crtbegin.o
 .text.setup_gpios
                0x0000000010000304       0x64 CMakeFiles/adc_display.dir/main.c.obj
                0x0000000010000304                setup_gpios
 .text.bootloader_animation
                0x0000000010000368       0xd4 CMakeFiles/adc_display.dir/main.c.obj
                0x0000000010000368                bootloader_animation
 .text.game_engine
                0x000000001000043c      0x240 CMakeFiles/adc_display.dir/main.c.obj
                0x000000001000043c                game_engine
 .text.startup.main
                0x000000001000067c       0xb8 CMakeFiles/adc_display.dir/main.c.obj
                0x000000001000067c                main
 .text.game_graphics
                0x0000000010000734       0xec CMakeFiles/adc_display.dir/main.c.obj
                0x0000000010000734                game_graphics
 .text.second_core_code
                0x0000000010000820       0x1c CMakeFiles/adc_display.dir/main.c.obj
                0x0000000010000820                second_core_code
 .text.ssd1306_draw_char_with_font.part.0
                0x000000001000083c      0x148 CMakeFiles/adc_display.dir/Users/thetragedyofdarthwise/PicoDev/explorer/RainDropGame/ssd1306.c.obj
 .text.ssd1306_init
                0x0000000010000984      0x14c CMakeFiles/adc_display.dir/Users/thetragedyofdarthwise/PicoDev/explorer/RainDropGame/ssd1306.c.obj
                0x0000000010000984                ssd1306_init
 .text.ssd1306_deinit
                0x0000000010000ad0        0xc CMakeFiles/adc_display.dir/Users/thetragedyofdarthwise/PicoDev/explorer/RainDropGame/ssd1306.c.obj
                0x0000000010000ad0                ssd1306_deinit
 .text.ssd1306_poweroff
                0x0000000010000adc       0x48 CMakeFiles/adc_display.dir/Users/thetragedyofdarthwise/PicoDev/explorer/RainDropGame/ssd1306.c.obj
                0x0000000010000adc                ssd1306_poweroff
 .text.ssd1306_poweron
                0x0000000010000b24       0x48 CMakeFiles/adc_display.dir/Users/thetragedyofdarthwise/PicoDev/explorer/RainDropGame/ssd1306.c.obj
                0x0000000010000b24                ssd1306_poweron
 .text.ssd1306_invert
                0x0000000010000b6c       0x50 CMakeFiles/adc_display.dir/Users/thetragedyofdarthwise/PicoDev/explorer/RainDropGame/ssd1306.c.obj
                0x0000000010000b6c                ssd1306_invert
 .text.ssd1306_clear
                0x0000000010000bbc       0x10 CMakeFiles/adc_display.dir/Users/thetragedyofdarthwise/PicoDev/explorer/RainDropGame/ssd1306.c.obj
                0x0000000010000bbc                ssd1306_clear
 .text.ssd1306_draw_line
                0x0000000010000bcc       0xd4 CMakeFiles/adc_display.dir/Users/thetragedyofdarthwise/PicoDev/explorer/RainDropGame/ssd1306.c.obj
                0x0000000010000bcc                ssd1306_draw_line
 .text.ssd1306_draw_square
                0x0000000010000ca0       0x6c CMakeFiles/adc_display.dir/Users/thetragedyofdarthwise/PicoDev/explorer/RainDropGame/ssd1306.c.obj
                0x0000000010000ca0                ssd1306_draw_square
 .text.ssd1306_draw_string
                0x0000000010000d0c       0x68 CMakeFiles/adc_display.dir/Users/thetragedyofdarthwise/PicoDev/explorer/RainDropGame/ssd1306.c.obj
                0x0000000010000d0c                ssd1306_draw_string
 .text.ssd1306_show
                0x0000000010000d74       0xd0 CMakeFiles/adc_display.dir/Users/thetragedyofdarthwise/PicoDev/explorer/RainDropGame/ssd1306.c.obj
                0x0000000010000d74                ssd1306_show
 .text.gpio_set_function
                0x0000000010000e44       0x30 CMakeFiles/adc_display.dir/Users/thetragedyofdarthwise/pico/pico-sdk/src/rp2_common/hardware_gpio/gpio.c.obj
                0x0000000010000e44                gpio_set_function
 .text.gpio_set_pulls
                0x0000000010000e74       0x30 CMakeFiles/adc_display.dir/Users/thetragedyofdarthwise/pico/pico-sdk/src/rp2_common/hardware_gpio/gpio.c.obj
                0x0000000010000e74                gpio_set_pulls
 .text.gpio_set_input_enabled
                0x0000000010000ea4       0x28 CMakeFiles/adc_display.dir/Users/thetragedyofdarthwise/pico/pico-sdk/src/rp2_common/hardware_gpio/gpio.c.obj
                0x0000000010000ea4                gpio_set_input_enabled
 .text.gpio_init
                0x0000000010000ecc       0x3c CMakeFiles/adc_display.dir/Users/thetragedyofdarthwise/pico/pico-sdk/src/rp2_common/hardware_gpio/gpio.c.obj
                0x0000000010000ecc                gpio_init
 .text.running_on_fpga
                0x0000000010000f08       0x10 CMakeFiles/adc_display.dir/Users/thetragedyofdarthwise/pico/pico-sdk/src/rp2_common/pico_platform/platform.c.obj
                0x0000000010000f08                running_on_fpga
 .text.hw_claim_or_assert
                0x0000000010000f18       0x44 CMakeFiles/adc_display.dir/Users/thetragedyofdarthwise/pico/pico-sdk/src/rp2_common/hardware_claim/claim.c.obj
                0x0000000010000f18                hw_claim_or_assert
 .text.hw_claim_unused_from_range
                0x0000000010000f5c       0x9c CMakeFiles/adc_display.dir/Users/thetragedyofdarthwise/pico/pico-sdk/src/rp2_common/hardware_claim/claim.c.obj
                0x0000000010000f5c                hw_claim_unused_from_range
 .text.spin_locks_reset
                0x0000000010000ff8       0x1c CMakeFiles/adc_display.dir/Users/thetragedyofdarthwise/pico/pico-sdk/src/rp2_common/hardware_sync/sync.c.obj
                0x0000000010000ff8                spin_locks_reset
 .text.next_striped_spin_lock_num
                0x0000000010001014       0x18 CMakeFiles/adc_display.dir/Users/thetragedyofdarthwise/pico/pico-sdk/src/rp2_common/hardware_sync/sync.c.obj
                0x0000000010001014                next_striped_spin_lock_num
 .text.spin_lock_claim_unused
                0x000000001000102c       0x20 CMakeFiles/adc_display.dir/Users/thetragedyofdarthwise/pico/pico-sdk/src/rp2_common/hardware_sync/sync.c.obj
                0x000000001000102c                spin_lock_claim_unused
 .text.irq_set_enabled
                0x000000001000104c       0x24 CMakeFiles/adc_display.dir/Users/thetragedyofdarthwise/pico/pico-sdk/src/rp2_common/hardware_irq/irq.c.obj
                0x000000001000104c                irq_set_enabled
 .text.irq_is_enabled
                0x0000000010001070       0x18 CMakeFiles/adc_display.dir/Users/thetragedyofdarthwise/pico/pico-sdk/src/rp2_common/hardware_irq/irq.c.obj
                0x0000000010001070                irq_is_enabled
 .text.irq_set_pending
                0x0000000010001088       0x10 CMakeFiles/adc_display.dir/Users/thetragedyofdarthwise/pico/pico-sdk/src/rp2_common/hardware_irq/irq.c.obj
                0x0000000010001088                irq_set_pending
 .text.irq_has_shared_handler
                0x0000000010001098       0x2c CMakeFiles/adc_display.dir/Users/thetragedyofdarthwise/pico/pico-sdk/src/rp2_common/hardware_irq/irq.c.obj
                0x0000000010001098                irq_has_shared_handler
 .text.irq_get_vtable_handler
                0x00000000100010c4       0x10 CMakeFiles/adc_display.dir/Users/thetragedyofdarthwise/pico/pico-sdk/src/rp2_common/hardware_irq/irq.c.obj
                0x00000000100010c4                irq_get_vtable_handler
 .text.irq_set_exclusive_handler
                0x00000000100010d4       0x54 CMakeFiles/adc_display.dir/Users/thetragedyofdarthwise/pico/pico-sdk/src/rp2_common/hardware_irq/irq.c.obj
                0x00000000100010d4                irq_set_exclusive_handler
 .text.irq_add_shared_handler
                0x0000000010001128      0x1e8 CMakeFiles/adc_display.dir/Users/thetragedyofdarthwise/pico/pico-sdk/src/rp2_common/hardware_irq/irq.c.obj
                0x0000000010001128                irq_add_shared_handler
 .text.irq_remove_handler
                0x0000000010001310      0x1b0 CMakeFiles/adc_display.dir/Users/thetragedyofdarthwise/pico/pico-sdk/src/rp2_common/hardware_irq/irq.c.obj
                0x0000000010001310                irq_remove_handler
 .text.irq_add_tail_to_free_list
                0x00000000100014c0       0xb4 CMakeFiles/adc_display.dir/Users/thetragedyofdarthwise/pico/pico-sdk/src/rp2_common/hardware_irq/irq.c.obj
                0x00000000100014c0                irq_add_tail_to_free_list
 .text.irq_init_priorities
                0x0000000010001574       0x24 CMakeFiles/adc_display.dir/Users/thetragedyofdarthwise/pico/pico-sdk/src/rp2_common/hardware_irq/irq.c.obj
                0x0000000010001574                irq_init_priorities
 .text.user_irq_claim_unused
                0x0000000010001598       0x28 CMakeFiles/adc_display.dir/Users/thetragedyofdarthwise/pico/pico-sdk/src/rp2_common/hardware_irq/irq.c.obj
                0x0000000010001598                user_irq_claim_unused
 .text.lock_init
                0x00000000100015c0       0x10 CMakeFiles/adc_display.dir/Users/thetragedyofdarthwise/pico/pico-sdk/src/common/pico_sync/lock_core.c.obj
                0x00000000100015c0                lock_init
 .text.mutex_init
                0x00000000100015d0       0x1c CMakeFiles/adc_display.dir/Users/thetragedyofdarthwise/pico/pico-sdk/src/common/pico_sync/mutex.c.obj
                0x00000000100015d0                mutex_init
 .text.recursive_mutex_init
                0x00000000100015ec       0x1c CMakeFiles/adc_display.dir/Users/thetragedyofdarthwise/pico/pico-sdk/src/common/pico_sync/mutex.c.obj
                0x00000000100015ec                recursive_mutex_init
 .text.critical_section_init
                0x0000000010001608       0x20 CMakeFiles/adc_display.dir/Users/thetragedyofdarthwise/pico/pico-sdk/src/common/pico_sync/critical_section.c.obj
                0x0000000010001608                critical_section_init
 .text.critical_section_init_with_lock_num
                0x0000000010001628       0x14 CMakeFiles/adc_display.dir/Users/thetragedyofdarthwise/pico/pico-sdk/src/common/pico_sync/critical_section.c.obj
                0x0000000010001628                critical_section_init_with_lock_num
 .text.timer_pool_entry_comparator
                0x000000001000163c       0x34 CMakeFiles/adc_display.dir/Users/thetragedyofdarthwise/pico/pico-sdk/src/common/pico_time/time.c.obj
                0x000000001000163c                timer_pool_entry_comparator
 .text.sleep_until_callback
                0x0000000010001670       0x30 CMakeFiles/adc_display.dir/Users/thetragedyofdarthwise/pico/pico-sdk/src/common/pico_time/time.c.obj
 .text.add_alarm_under_lock.isra.0
                0x00000000100016a0      0x100 CMakeFiles/adc_display.dir/Users/thetragedyofdarthwise/pico/pico-sdk/src/common/pico_time/time.c.obj
 .text.alarm_pool_alarm_callback
                0x00000000100017a0      0x1b8 CMakeFiles/adc_display.dir/Users/thetragedyofdarthwise/pico/pico-sdk/src/common/pico_time/time.c.obj
 .text.alarm_pool_init_default
                0x0000000010001958       0x6c CMakeFiles/adc_display.dir/Users/thetragedyofdarthwise/pico/pico-sdk/src/common/pico_time/time.c.obj
                0x0000000010001958                alarm_pool_init_default
 .text.alarm_pool_get_default
                0x00000000100019c4        0x8 CMakeFiles/adc_display.dir/Users/thetragedyofdarthwise/pico/pico-sdk/src/common/pico_time/time.c.obj
                0x00000000100019c4                alarm_pool_get_default
 .text.alarm_pool_add_alarm_at
                0x00000000100019cc      0x17c CMakeFiles/adc_display.dir/Users/thetragedyofdarthwise/pico/pico-sdk/src/common/pico_time/time.c.obj
                0x00000000100019cc                alarm_pool_add_alarm_at
 .text.alarm_pool_cancel_alarm
                0x0000000010001b48       0x74 CMakeFiles/adc_display.dir/Users/thetragedyofdarthwise/pico/pico-sdk/src/common/pico_time/time.c.obj
                0x0000000010001b48                alarm_pool_cancel_alarm
 .text.alarm_pool_core_num
                0x0000000010001bbc        0x4 CMakeFiles/adc_display.dir/Users/thetragedyofdarthwise/pico/pico-sdk/src/common/pico_time/time.c.obj
                0x0000000010001bbc                alarm_pool_core_num
 .text.sleep_until
                0x0000000010001bc0       0xc4 CMakeFiles/adc_display.dir/Users/thetragedyofdarthwise/pico/pico-sdk/src/common/pico_time/time.c.obj
                0x0000000010001bc0                sleep_until
 .text.sleep_ms
                0x0000000010001c84       0x34 CMakeFiles/adc_display.dir/Users/thetragedyofdarthwise/pico/pico-sdk/src/common/pico_time/time.c.obj
                0x0000000010001c84                sleep_ms
 .text.best_effort_wfe_or_timeout
                0x0000000010001cb8       0x78 CMakeFiles/adc_display.dir/Users/thetragedyofdarthwise/pico/pico-sdk/src/common/pico_time/time.c.obj
                0x0000000010001cb8                best_effort_wfe_or_timeout
 .text.hardware_alarm_irq_handler
                0x0000000010001d30       0xbc CMakeFiles/adc_display.dir/Users/thetragedyofdarthwise/pico/pico-sdk/src/rp2_common/hardware_timer/timer.c.obj
 .text.hardware_alarm_claim
                0x0000000010001dec       0x18 CMakeFiles/adc_display.dir/Users/thetragedyofdarthwise/pico/pico-sdk/src/rp2_common/hardware_timer/timer.c.obj
                0x0000000010001dec                hardware_alarm_claim
 .text.time_us_64
                0x0000000010001e04       0x14 CMakeFiles/adc_display.dir/Users/thetragedyofdarthwise/pico/pico-sdk/src/rp2_common/hardware_timer/timer.c.obj
                0x0000000010001e04                time_us_64
 .text.busy_wait_until
                0x0000000010001e18       0x20 CMakeFiles/adc_display.dir/Users/thetragedyofdarthwise/pico/pico-sdk/src/rp2_common/hardware_timer/timer.c.obj
                0x0000000010001e18                busy_wait_until
 .text.hardware_alarm_set_callback
                0x0000000010001e38       0x8c CMakeFiles/adc_display.dir/Users/thetragedyofdarthwise/pico/pico-sdk/src/rp2_common/hardware_timer/timer.c.obj
                0x0000000010001e38                hardware_alarm_set_callback
 .text.hardware_alarm_set_target
                0x0000000010001ec4       0xe0 CMakeFiles/adc_display.dir/Users/thetragedyofdarthwise/pico/pico-sdk/src/rp2_common/hardware_timer/timer.c.obj
                0x0000000010001ec4                hardware_alarm_set_target
 .text.hardware_alarm_cancel
                0x0000000010001fa4       0x3c CMakeFiles/adc_display.dir/Users/thetragedyofdarthwise/pico/pico-sdk/src/rp2_common/hardware_timer/timer.c.obj
                0x0000000010001fa4                hardware_alarm_cancel
 .text.ph_merge_nodes
                0x0000000010001fe0       0x68 CMakeFiles/adc_display.dir/Users/thetragedyofdarthwise/pico/pico-sdk/src/common/pico_util/pheap.c.obj
 .text.ph_post_alloc_init
                0x0000000010002048       0x3c CMakeFiles/adc_display.dir/Users/thetragedyofdarthwise/pico/pico-sdk/src/common/pico_util/pheap.c.obj
                0x0000000010002048                ph_post_alloc_init
 .text.ph_merge_two_pass
                0x0000000010002084       0x90 CMakeFiles/adc_display.dir/Users/thetragedyofdarthwise/pico/pico-sdk/src/common/pico_util/pheap.c.obj
                0x0000000010002084                ph_merge_two_pass
 .text.ph_remove_any_head
                0x0000000010002114      0x100 CMakeFiles/adc_display.dir/Users/thetragedyofdarthwise/pico/pico-sdk/src/common/pico_util/pheap.c.obj
 .text.ph_remove_head
                0x0000000010002214      0x104 CMakeFiles/adc_display.dir/Users/thetragedyofdarthwise/pico/pico-sdk/src/common/pico_util/pheap.c.obj
                0x0000000010002214                ph_remove_head
 .text.ph_remove_and_free_node
                0x0000000010002318       0x7c CMakeFiles/adc_display.dir/Users/thetragedyofdarthwise/pico/pico-sdk/src/common/pico_util/pheap.c.obj
                0x0000000010002318                ph_remove_and_free_node
 .text.clocks_init
                0x0000000010002394      0x2bc CMakeFiles/adc_display.dir/Users/thetragedyofdarthwise/pico/pico-sdk/src/rp2_common/hardware_clocks/clocks.c.obj
                0x0000000010002394                clocks_init
 .text.clock_get_hz
                0x0000000010002650        0xc CMakeFiles/adc_display.dir/Users/thetragedyofdarthwise/pico/pico-sdk/src/rp2_common/hardware_clocks/clocks.c.obj
                0x0000000010002650                clock_get_hz
 .text.pll_init
                0x000000001000265c       0xb0 CMakeFiles/adc_display.dir/Users/thetragedyofdarthwise/pico/pico-sdk/src/rp2_common/hardware_pll/pll.c.obj
                0x000000001000265c                pll_init
 .text.watchdog_start_tick
                0x000000001000270c       0x10 CMakeFiles/adc_display.dir/Users/thetragedyofdarthwise/pico/pico-sdk/src/rp2_common/hardware_watchdog/watchdog.c.obj
                0x000000001000270c                watchdog_start_tick
 .text.watchdog_reboot
                0x000000001000271c       0x98 CMakeFiles/adc_display.dir/Users/thetragedyofdarthwise/pico/pico-sdk/src/rp2_common/hardware_watchdog/watchdog.c.obj
                0x000000001000271c                watchdog_reboot
 .text.xosc_init
                0x00000000100027b4       0x28 CMakeFiles/adc_display.dir/Users/thetragedyofdarthwise/pico/pico-sdk/src/rp2_common/hardware_xosc/xosc.c.obj
                0x00000000100027b4                xosc_init
 .text.runtime_init
                0x00000000100027dc       0xf0 CMakeFiles/adc_display.dir/Users/thetragedyofdarthwise/pico/pico-sdk/src/rp2_common/pico_runtime/runtime.c.obj
                0x00000000100027dc                runtime_init
 .text._exit    0x00000000100028cc        0x4 CMakeFiles/adc_display.dir/Users/thetragedyofdarthwise/pico/pico-sdk/src/rp2_common/pico_runtime/runtime.c.obj
                0x00000000100028cc                _exit
 .text._sbrk    0x00000000100028d0       0x34 CMakeFiles/adc_display.dir/Users/thetragedyofdarthwise/pico/pico-sdk/src/rp2_common/pico_runtime/runtime.c.obj
                0x00000000100028d0                _sbrk
 .text.exit     0x0000000010002904        0x8 CMakeFiles/adc_display.dir/Users/thetragedyofdarthwise/pico/pico-sdk/src/rp2_common/pico_runtime/runtime.c.obj
                0x0000000010002904                exit
 .text.panic    0x000000001000290c       0x30 CMakeFiles/adc_display.dir/Users/thetragedyofdarthwise/pico/pico-sdk/src/rp2_common/pico_runtime/runtime.c.obj
                0x000000001000290c                panic
 .text.hard_assertion_failure
                0x000000001000293c        0xc CMakeFiles/adc_display.dir/Users/thetragedyofdarthwise/pico/pico-sdk/src/rp2_common/pico_runtime/runtime.c.obj
                0x000000001000293c                hard_assertion_failure
 .text._out_buffer
                0x0000000010002948        0x8 CMakeFiles/adc_display.dir/Users/thetragedyofdarthwise/pico/pico-sdk/src/rp2_common/pico_printf/printf.c.obj
 .text._out_null
                0x0000000010002950        0x4 CMakeFiles/adc_display.dir/Users/thetragedyofdarthwise/pico/pico-sdk/src/rp2_common/pico_printf/printf.c.obj
 .text._out_rev
                0x0000000010002954       0x9c CMakeFiles/adc_display.dir/Users/thetragedyofdarthwise/pico/pico-sdk/src/rp2_common/pico_printf/printf.c.obj
 .text._ntoa_format
                0x00000000100029f0      0x1cc CMakeFiles/adc_display.dir/Users/thetragedyofdarthwise/pico/pico-sdk/src/rp2_common/pico_printf/printf.c.obj
 .text._out_char
                0x0000000010002bbc       0x10 CMakeFiles/adc_display.dir/Users/thetragedyofdarthwise/pico/pico-sdk/src/rp2_common/pico_printf/printf.c.obj
 .text._out_fct
                0x0000000010002bcc       0x10 CMakeFiles/adc_display.dir/Users/thetragedyofdarthwise/pico/pico-sdk/src/rp2_common/pico_printf/printf.c.obj
 .text._etoa    0x0000000010002bdc      0x44c CMakeFiles/adc_display.dir/Users/thetragedyofdarthwise/pico/pico-sdk/src/rp2_common/pico_printf/printf.c.obj
 .text._ftoa    0x0000000010003028      0x398 CMakeFiles/adc_display.dir/Users/thetragedyofdarthwise/pico/pico-sdk/src/rp2_common/pico_printf/printf.c.obj
 .text._vsnprintf
                0x00000000100033c0      0xb04 CMakeFiles/adc_display.dir/Users/thetragedyofdarthwise/pico/pico-sdk/src/rp2_common/pico_printf/printf.c.obj
 .text.__wrap_sprintf
                0x0000000010003ec4       0x28 CMakeFiles/adc_display.dir/Users/thetragedyofdarthwise/pico/pico-sdk/src/rp2_common/pico_printf/printf.c.obj
                0x0000000010003ec4                __wrap_sprintf
 .text.vfctprintf
                0x0000000010003eec       0x20 CMakeFiles/adc_display.dir/Users/thetragedyofdarthwise/pico/pico-sdk/src/rp2_common/pico_printf/printf.c.obj
                0x0000000010003eec                vfctprintf
 .text.weak_raw_vprintf
                0x0000000010003f0c       0x30 CMakeFiles/adc_display.dir/Users/thetragedyofdarthwise/pico/pico-sdk/src/rp2_common/pico_printf/printf.c.obj
                0x0000000010003f0c                weak_raw_vprintf
 .text          0x0000000010003f3c       0x10 CMakeFiles/adc_display.dir/Users/thetragedyofdarthwise/pico/pico-sdk/src/rp2_common/pico_bit_ops/bit_ops_aeabi.S.obj
 .text.rom_func_lookup
                0x0000000010003f4c       0x10 CMakeFiles/adc_display.dir/Users/thetragedyofdarthwise/pico/pico-sdk/src/rp2_common/pico_bootrom/bootrom.c.obj
                0x0000000010003f4c                rom_func_lookup
 .text.rom_data_lookup
                0x0000000010003f5c       0x10 CMakeFiles/adc_display.dir/Users/thetragedyofdarthwise/pico/pico-sdk/src/rp2_common/pico_bootrom/bootrom.c.obj
                0x0000000010003f5c                rom_data_lookup
 .text.rom_funcs_lookup
                0x0000000010003f6c       0x44 CMakeFiles/adc_display.dir/Users/thetragedyofdarthwise/pico/pico-sdk/src/rp2_common/pico_bootrom/bootrom.c.obj
                0x0000000010003f6c                rom_funcs_lookup
 .text.__wrap___aeabi_idiv
                0x0000000010003fb0       0x50 CMakeFiles/adc_display.dir/Users/thetragedyofdarthwise/pico/pico-sdk/src/rp2_common/pico_divider/divider.S.obj
                0x0000000010003fb0                __wrap___aeabi_idivmod
                0x0000000010003fb0                divmod_s32s32
                0x0000000010003fb0                div_s32s32
                0x0000000010003fb0                __wrap___aeabi_idiv
                0x0000000010003fb8                divmod_s32s32_unsafe
                0x0000000010003fe4                divmod_s32s32_savestate
 .text.__wrap___aeabi_uidiv
                0x0000000010004000       0x4c CMakeFiles/adc_display.dir/Users/thetragedyofdarthwise/pico/pico-sdk/src/rp2_common/pico_divider/divider.S.obj
                0x0000000010004000                __wrap___aeabi_uidiv
                0x0000000010004000                __wrap___aeabi_uidivmod
                0x0000000010004000                div_u32u32
                0x0000000010004000                divmod_u32u32
                0x0000000010004008                divmod_u32u32_unsafe
                0x0000000010004030                divmod_u32u32_savestate
 .text.__wrap___aeabi_ldiv
                0x000000001000404c      0x424 CMakeFiles/adc_display.dir/Users/thetragedyofdarthwise/pico/pico-sdk/src/rp2_common/pico_divider/divider.S.obj
                0x000000001000404c                __wrap___aeabi_ldivmod
                0x000000001000404c                div_s64s64
                0x000000001000404c                divmod_s64s64
                0x000000001000407c                divmod_u64u64
                0x000000001000407c                div_u64u64
                0x000000001000407c                __wrap___aeabi_uldivmod
                0x000000001000408c                divmod_u64u64_savestate
                0x00000000100040ac                divmod_s64s64_unsafe
                0x0000000010004134                divmod_u64u64_unsafe
 .text.__wrap___aeabi_darithmetic
                0x0000000010004470       0x60 CMakeFiles/adc_display.dir/Users/thetragedyofdarthwise/pico/pico-sdk/src/rp2_common/pico_double/double_aeabi.S.obj
                0x0000000010004470                __wrap___aeabi_drsub
                0x0000000010004476                __wrap___aeabi_dsub
                0x0000000010004480                __wrap___aeabi_dadd
                0x000000001000448a                __wrap___aeabi_ddiv
                0x00000000100044be                __wrap___aeabi_dmul
 .text.__wrap___aeabi_cdcmple
                0x00000000100044d0       0x6c CMakeFiles/adc_display.dir/Users/thetragedyofdarthwise/pico/pico-sdk/src/rp2_common/pico_double/double_aeabi.S.obj
                0x00000000100044d0                __wrap___aeabi_cdrcmple
                0x00000000100044e0                __wrap___aeabi_cdcmple
                0x00000000100044e0                __wrap___aeabi_cdcmpeq
 .text.__wrap___aeabi_dcmplt
                0x000000001000453c        0xc CMakeFiles/adc_display.dir/Users/thetragedyofdarthwise/pico/pico-sdk/src/rp2_common/pico_double/double_aeabi.S.obj
                0x000000001000453c                __wrap___aeabi_dcmplt
 .text.__wrap___aeabi_dcmple
                0x0000000010004548       0x10 CMakeFiles/adc_display.dir/Users/thetragedyofdarthwise/pico/pico-sdk/src/rp2_common/pico_double/double_aeabi.S.obj
                0x0000000010004548                __wrap___aeabi_dcmple
 .text.__wrap___aeabi_dcmpge
                0x0000000010004558       0x10 CMakeFiles/adc_display.dir/Users/thetragedyofdarthwise/pico/pico-sdk/src/rp2_common/pico_double/double_aeabi.S.obj
                0x0000000010004558                __wrap___aeabi_dcmpge
 .text.__wrap___aeabi_dcmpgt
                0x0000000010004568        0xa CMakeFiles/adc_display.dir/Users/thetragedyofdarthwise/pico/pico-sdk/src/rp2_common/pico_double/double_aeabi.S.obj
                0x0000000010004568                __wrap___aeabi_dcmpgt
 .text.__wrap___aeabi_dcmpun
                0x0000000010004572       0x1c CMakeFiles/adc_display.dir/Users/thetragedyofdarthwise/pico/pico-sdk/src/rp2_common/pico_double/double_aeabi.S.obj
                0x0000000010004572                __wrap___aeabi_dcmpun
 *fill*         0x000000001000458e        0x2 
 .text.__wrap___aeabi_i2d
                0x0000000010004590       0x38 CMakeFiles/adc_display.dir/Users/thetragedyofdarthwise/pico/pico-sdk/src/rp2_common/pico_double/double_aeabi.S.obj
                0x0000000010004590                __wrap___aeabi_ui2d
                0x0000000010004598                __wrap___aeabi_i2d
 .text.__wrap___aeabi_d2iz
                0x00000000100045c8       0x48 CMakeFiles/adc_display.dir/Users/thetragedyofdarthwise/pico/pico-sdk/src/rp2_common/pico_double/double_aeabi.S.obj
                0x00000000100045c8                __wrap___aeabi_d2iz
                0x00000000100045c8                double2int_z
 .text.__wrap___aeabi_d2uiz
                0x0000000010004610       0x10 CMakeFiles/adc_display.dir/Users/thetragedyofdarthwise/pico/pico-sdk/src/rp2_common/pico_double/double_aeabi.S.obj
                0x0000000010004610                double2uint
                0x0000000010004610                __wrap___aeabi_d2uiz
 .text.missing_double_func_shim
                0x0000000010004620        0xc CMakeFiles/adc_display.dir/Users/thetragedyofdarthwise/pico/pico-sdk/src/rp2_common/pico_double/double_init_rom.c.obj
 .text.__aeabi_double_init
                0x000000001000462c       0x98 CMakeFiles/adc_display.dir/Users/thetragedyofdarthwise/pico/pico-sdk/src/rp2_common/pico_double/double_init_rom.c.obj
                0x000000001000462c                __aeabi_double_init
 .text.double_table_shim_on_use_helper
                0x00000000100046c4       0x2c CMakeFiles/adc_display.dir/Users/thetragedyofdarthwise/pico/pico-sdk/src/rp2_common/pico_double/double_v1_rom_shim.S.obj
                0x00000000100046c4                double_table_shim_on_use_helper
 .text.__aeabi_lmul
                0x00000000100046f0       0x32 CMakeFiles/adc_display.dir/Users/thetragedyofdarthwise/pico/pico-sdk/src/rp2_common/pico_int64_ops/pico_int64_ops_aeabi.S.obj
                0x00000000100046f0                __wrap___aeabi_lmul
 *fill*         0x0000000010004722        0x2 
 .text.__wrap___aeabi_farithmetic
                0x0000000010004724       0x48 CMakeFiles/adc_display.dir/Users/thetragedyofdarthwise/pico/pico-sdk/src/rp2_common/pico_float/float_aeabi.S.obj
                0x0000000010004724                __wrap___aeabi_frsub
                0x000000001000472a                __wrap___aeabi_fsub
                0x0000000010004730                __wrap___aeabi_fadd
                0x0000000010004736                __wrap___aeabi_fdiv
                0x000000001000475e                __wrap___aeabi_fmul
 .text.__wrap___aeabi_i2f
                0x000000001000476c       0x44 CMakeFiles/adc_display.dir/Users/thetragedyofdarthwise/pico/pico-sdk/src/rp2_common/pico_float/float_aeabi.S.obj
                0x000000001000476c                __wrap___aeabi_i2f
 .text.__wrap___aeabi_f2uiz
                0x00000000100047b0        0xc CMakeFiles/adc_display.dir/Users/thetragedyofdarthwise/pico/pico-sdk/src/rp2_common/pico_float/float_aeabi.S.obj
                0x00000000100047b0                __wrap___aeabi_f2uiz
 .text.missing_float_func_shim
                0x00000000100047bc        0xc CMakeFiles/adc_display.dir/Users/thetragedyofdarthwise/pico/pico-sdk/src/rp2_common/pico_float/float_init_rom.c.obj
 .text.__aeabi_float_init
                0x00000000100047c8       0x5c CMakeFiles/adc_display.dir/Users/thetragedyofdarthwise/pico/pico-sdk/src/rp2_common/pico_float/float_init_rom.c.obj
                0x00000000100047c8                __aeabi_float_init
 .text.__wrap_malloc
                0x0000000010004824       0x3c CMakeFiles/adc_display.dir/Users/thetragedyofdarthwise/pico/pico-sdk/src/rp2_common/pico_malloc/pico_malloc.c.obj
                0x0000000010004824                __wrap_malloc
 .text.__wrap_free
                0x0000000010004860       0x20 CMakeFiles/adc_display.dir/Users/thetragedyofdarthwise/pico/pico-sdk/src/rp2_common/pico_malloc/pico_malloc.c.obj
                0x0000000010004860                __wrap_free
 .text          0x0000000010004880       0x10 CMakeFiles/adc_display.dir/Users/thetragedyofdarthwise/pico/pico-sdk/src/rp2_common/pico_mem_ops/mem_ops_aeabi.S.obj
                0x0000000010004880                __aeabi_mem_init
 .text.memset   0x0000000010004890        0xc CMakeFiles/adc_display.dir/Users/thetragedyofdarthwise/pico/pico-sdk/src/rp2_common/pico_mem_ops/mem_ops_aeabi.S.obj
                0x0000000010004890                __wrap_memset
 .text.memcpy   0x000000001000489c        0xc CMakeFiles/adc_display.dir/Users/thetragedyofdarthwise/pico/pico-sdk/src/rp2_common/pico_mem_ops/mem_ops_aeabi.S.obj
                0x000000001000489c                __wrap___aeabi_memcpy
                0x000000001000489c                __wrap_memcpy
 .text.stdio_out_chars_no_crlf
                0x00000000100048a8       0x10 CMakeFiles/adc_display.dir/Users/thetragedyofdarthwise/pico/pico-sdk/src/rp2_common/pico_stdio/stdio.c.obj
 .text.stdio_out_chars_crlf
                0x00000000100048b8       0xb4 CMakeFiles/adc_display.dir/Users/thetragedyofdarthwise/pico/pico-sdk/src/rp2_common/pico_stdio/stdio.c.obj
 .text.stdio_buffered_printer
                0x000000001000496c       0x64 CMakeFiles/adc_display.dir/Users/thetragedyofdarthwise/pico/pico-sdk/src/rp2_common/pico_stdio/stdio.c.obj
 .text.stdio_put_string.isra.0
                0x00000000100049d0       0xfc CMakeFiles/adc_display.dir/Users/thetragedyofdarthwise/pico/pico-sdk/src/rp2_common/pico_stdio/stdio.c.obj
 .text.__wrap_putchar
                0x0000000010004acc       0x98 CMakeFiles/adc_display.dir/Users/thetragedyofdarthwise/pico/pico-sdk/src/rp2_common/pico_stdio/stdio.c.obj
                0x0000000010004acc                __wrap_putchar
 .text.__wrap_puts
                0x0000000010004b64       0x3c CMakeFiles/adc_display.dir/Users/thetragedyofdarthwise/pico/pico-sdk/src/rp2_common/pico_stdio/stdio.c.obj
                0x0000000010004b64                __wrap_puts
 .text.stdio_set_driver_enabled
                0x0000000010004ba0       0x30 CMakeFiles/adc_display.dir/Users/thetragedyofdarthwise/pico/pico-sdk/src/rp2_common/pico_stdio/stdio.c.obj
                0x0000000010004ba0                stdio_set_driver_enabled
 .text.__wrap_vprintf
                0x0000000010004bd0       0xd8 CMakeFiles/adc_display.dir/Users/thetragedyofdarthwise/pico/pico-sdk/src/rp2_common/pico_stdio/stdio.c.obj
                0x0000000010004bd0                __wrap_vprintf
 .text.__wrap_printf
                0x0000000010004ca8       0x18 CMakeFiles/adc_display.dir/Users/thetragedyofdarthwise/pico/pico-sdk/src/rp2_common/pico_stdio/stdio.c.obj
                0x0000000010004ca8                __wrap_printf
 .text.stdio_init_all
                0x0000000010004cc0        0x8 CMakeFiles/adc_display.dir/Users/thetragedyofdarthwise/pico/pico-sdk/src/rp2_common/pico_stdio/stdio.c.obj
                0x0000000010004cc0                stdio_init_all
 .text.resetd_init
                0x0000000010004cc8        0x4 CMakeFiles/adc_display.dir/Users/thetragedyofdarthwise/pico/pico-sdk/src/rp2_common/pico_stdio_usb/reset_interface.c.obj
 .text.resetd_reset
                0x0000000010004ccc        0xc CMakeFiles/adc_display.dir/Users/thetragedyofdarthwise/pico/pico-sdk/src/rp2_common/pico_stdio_usb/reset_interface.c.obj
 .text.resetd_open
                0x0000000010004cd8       0x28 CMakeFiles/adc_display.dir/Users/thetragedyofdarthwise/pico/pico-sdk/src/rp2_common/pico_stdio_usb/reset_interface.c.obj
 .text.resetd_xfer_cb
                0x0000000010004d00        0x4 CMakeFiles/adc_display.dir/Users/thetragedyofdarthwise/pico/pico-sdk/src/rp2_common/pico_stdio_usb/reset_interface.c.obj
 .text.resetd_control_xfer_cb
                0x0000000010004d04       0x64 CMakeFiles/adc_display.dir/Users/thetragedyofdarthwise/pico/pico-sdk/src/rp2_common/pico_stdio_usb/reset_interface.c.obj
 .text.usbd_app_driver_get_cb
                0x0000000010004d68        0xc CMakeFiles/adc_display.dir/Users/thetragedyofdarthwise/pico/pico-sdk/src/rp2_common/pico_stdio_usb/reset_interface.c.obj
                0x0000000010004d68                usbd_app_driver_get_cb
 .text.tud_cdc_line_coding_cb
                0x0000000010004d74       0x34 CMakeFiles/adc_display.dir/Users/thetragedyofdarthwise/pico/pico-sdk/src/rp2_common/pico_stdio_usb/reset_interface.c.obj
                0x0000000010004d74                tud_cdc_line_coding_cb
 .text.stdio_usb_set_chars_available_callback
                0x0000000010004da8       0x14 CMakeFiles/adc_display.dir/Users/thetragedyofdarthwise/pico/pico-sdk/src/rp2_common/pico_stdio_usb/stdio_usb.c.obj
                0x0000000010004da8                stdio_usb_set_chars_available_callback
 .text.usb_irq  0x0000000010004dbc       0x10 CMakeFiles/adc_display.dir/Users/thetragedyofdarthwise/pico/pico-sdk/src/rp2_common/pico_stdio_usb/stdio_usb.c.obj
 .text.timer_task
                0x0000000010004dcc       0x54 CMakeFiles/adc_display.dir/Users/thetragedyofdarthwise/pico/pico-sdk/src/rp2_common/pico_stdio_usb/stdio_usb.c.obj
 .text.stdio_usb_in_chars
                0x0000000010004e20       0x90 CMakeFiles/adc_display.dir/Users/thetragedyofdarthwise/pico/pico-sdk/src/rp2_common/pico_stdio_usb/stdio_usb.c.obj
                0x0000000010004e20                stdio_usb_in_chars
 .text.stdio_usb_out_chars
                0x0000000010004eb0      0x100 CMakeFiles/adc_display.dir/Users/thetragedyofdarthwise/pico/pico-sdk/src/rp2_common/pico_stdio_usb/stdio_usb.c.obj
 .text.low_priority_worker_irq
                0x0000000010004fb0       0xa8 CMakeFiles/adc_display.dir/Users/thetragedyofdarthwise/pico/pico-sdk/src/rp2_common/pico_stdio_usb/stdio_usb.c.obj
 .text.tud_cdc_rx_cb
                0x0000000010005058       0x20 CMakeFiles/adc_display.dir/Users/thetragedyofdarthwise/pico/pico-sdk/src/rp2_common/pico_stdio_usb/stdio_usb.c.obj
                0x0000000010005058                tud_cdc_rx_cb
 .text.stdio_usb_init
                0x0000000010005078       0xdc CMakeFiles/adc_display.dir/Users/thetragedyofdarthwise/pico/pico-sdk/src/rp2_common/pico_stdio_usb/stdio_usb.c.obj
                0x0000000010005078                stdio_usb_init
 .text.tud_descriptor_device_cb
                0x0000000010005154        0x8 CMakeFiles/adc_display.dir/Users/thetragedyofdarthwise/pico/pico-sdk/src/rp2_common/pico_stdio_usb/stdio_usb_descriptors.c.obj
                0x0000000010005154                tud_descriptor_device_cb
 .text.tud_descriptor_configuration_cb
                0x000000001000515c        0x8 CMakeFiles/adc_display.dir/Users/thetragedyofdarthwise/pico/pico-sdk/src/rp2_common/pico_stdio_usb/stdio_usb_descriptors.c.obj
                0x000000001000515c                tud_descriptor_configuration_cb
 .text.tud_descriptor_string_cb
                0x0000000010005164       0x74 CMakeFiles/adc_display.dir/Users/thetragedyofdarthwise/pico/pico-sdk/src/rp2_common/pico_stdio_usb/stdio_usb_descriptors.c.obj
                0x0000000010005164                tud_descriptor_string_cb
 .text.startup._retrieve_unique_id_on_boot
                0x00000000100051d8       0x10 CMakeFiles/adc_display.dir/Users/thetragedyofdarthwise/pico/pico-sdk/src/rp2_common/pico_unique_id/unique_id.c.obj
 .text.pico_get_unique_board_id_string
                0x00000000100051e8      0x1a8 CMakeFiles/adc_display.dir/Users/thetragedyofdarthwise/pico/pico-sdk/src/rp2_common/pico_unique_id/unique_id.c.obj
                0x00000000100051e8                pico_get_unique_board_id_string
 .text.flash_get_unique_id
                0x0000000010005390       0x40 CMakeFiles/adc_display.dir/Users/thetragedyofdarthwise/pico/pico-sdk/src/rp2_common/hardware_flash/flash.c.obj
                0x0000000010005390                flash_get_unique_id
 .text.dcd_int_enable
                0x00000000100053d0        0xc CMakeFiles/adc_display.dir/Users/thetragedyofdarthwise/pico/pico-sdk/lib/tinyusb/src/portable/raspberrypi/rp2040/dcd_rp2040.c.obj
                0x00000000100053d0                dcd_int_enable
 .text.dcd_set_address
                0x00000000100053dc       0x14 CMakeFiles/adc_display.dir/Users/thetragedyofdarthwise/pico/pico-sdk/lib/tinyusb/src/portable/raspberrypi/rp2040/dcd_rp2040.c.obj
                0x00000000100053dc                dcd_set_address
 .text.dcd_connect
                0x00000000100053f0       0x10 CMakeFiles/adc_display.dir/Users/thetragedyofdarthwise/pico/pico-sdk/lib/tinyusb/src/portable/raspberrypi/rp2040/dcd_rp2040.c.obj
                0x00000000100053f0                dcd_connect
 .text.dcd_init
                0x0000000010005400       0x98 CMakeFiles/adc_display.dir/Users/thetragedyofdarthwise/pico/pico-sdk/lib/tinyusb/src/portable/raspberrypi/rp2040/dcd_rp2040.c.obj
                0x0000000010005400                dcd_init
 .text.dcd_edpt0_status_complete
                0x0000000010005498       0x1c CMakeFiles/adc_display.dir/Users/thetragedyofdarthwise/pico/pico-sdk/lib/tinyusb/src/portable/raspberrypi/rp2040/dcd_rp2040.c.obj
                0x0000000010005498                dcd_edpt0_status_complete
 .text.dcd_edpt_open
                0x00000000100054b4      0x108 CMakeFiles/adc_display.dir/Users/thetragedyofdarthwise/pico/pico-sdk/lib/tinyusb/src/portable/raspberrypi/rp2040/dcd_rp2040.c.obj
                0x00000000100054b4                dcd_edpt_open
 .text.dcd_edpt_close_all
                0x00000000100055bc        0x8 CMakeFiles/adc_display.dir/Users/thetragedyofdarthwise/pico/pico-sdk/lib/tinyusb/src/portable/raspberrypi/rp2040/dcd_rp2040.c.obj
                0x00000000100055bc                dcd_edpt_close_all
 .text.dcd_edpt_xfer
                0x00000000100055c4       0x24 CMakeFiles/adc_display.dir/Users/thetragedyofdarthwise/pico/pico-sdk/lib/tinyusb/src/portable/raspberrypi/rp2040/dcd_rp2040.c.obj
                0x00000000100055c4                dcd_edpt_xfer
 .text.dcd_edpt_stall
                0x00000000100055e8       0x38 CMakeFiles/adc_display.dir/Users/thetragedyofdarthwise/pico/pico-sdk/lib/tinyusb/src/portable/raspberrypi/rp2040/dcd_rp2040.c.obj
                0x00000000100055e8                dcd_edpt_stall
 .text.dcd_edpt_clear_stall
                0x0000000010005620       0x30 CMakeFiles/adc_display.dir/Users/thetragedyofdarthwise/pico/pico-sdk/lib/tinyusb/src/portable/raspberrypi/rp2040/dcd_rp2040.c.obj
                0x0000000010005620                dcd_edpt_clear_stall
 .text.rp2040_usb_init
                0x0000000010005650       0x4c CMakeFiles/adc_display.dir/Users/thetragedyofdarthwise/pico/pico-sdk/lib/tinyusb/src/portable/raspberrypi/rp2040/rp2040_usb.c.obj
                0x0000000010005650                rp2040_usb_init
 .text.hw_endpoint_xfer_start
                0x000000001000569c       0x50 CMakeFiles/adc_display.dir/Users/thetragedyofdarthwise/pico/pico-sdk/lib/tinyusb/src/portable/raspberrypi/rp2040/rp2040_usb.c.obj
                0x000000001000569c                hw_endpoint_xfer_start
 .text.tud_mounted
                0x00000000100056ec       0x10 CMakeFiles/adc_display.dir/Users/thetragedyofdarthwise/pico/pico-sdk/lib/tinyusb/src/device/usbd.c.obj
                0x00000000100056ec                tud_mounted
 .text.tud_suspended
                0x00000000100056fc       0x10 CMakeFiles/adc_display.dir/Users/thetragedyofdarthwise/pico/pico-sdk/lib/tinyusb/src/device/usbd.c.obj
                0x00000000100056fc                tud_suspended
 .text.tud_inited
                0x000000001000570c       0x14 CMakeFiles/adc_display.dir/Users/thetragedyofdarthwise/pico/pico-sdk/lib/tinyusb/src/device/usbd.c.obj
                0x000000001000570c                tud_inited
 .text.tud_init
                0x0000000010005720       0xe4 CMakeFiles/adc_display.dir/Users/thetragedyofdarthwise/pico/pico-sdk/lib/tinyusb/src/device/usbd.c.obj
                0x0000000010005720                tud_init
 .text.tud_task_ext
                0x0000000010005804      0x854 CMakeFiles/adc_display.dir/Users/thetragedyofdarthwise/pico/pico-sdk/lib/tinyusb/src/device/usbd.c.obj
                0x0000000010005804                tud_task_ext
 .text.usbd_open_edpt_pair
                0x0000000010006058       0x9c CMakeFiles/adc_display.dir/Users/thetragedyofdarthwise/pico/pico-sdk/lib/tinyusb/src/device/usbd.c.obj
                0x0000000010006058                usbd_open_edpt_pair
 .text.usbd_defer_func
                0x00000000100060f4       0x48 CMakeFiles/adc_display.dir/Users/thetragedyofdarthwise/pico/pico-sdk/lib/tinyusb/src/device/usbd.c.obj
                0x00000000100060f4                usbd_defer_func
 .text.usbd_edpt_open
                0x000000001000613c       0x34 CMakeFiles/adc_display.dir/Users/thetragedyofdarthwise/pico/pico-sdk/lib/tinyusb/src/device/usbd.c.obj
                0x000000001000613c                usbd_edpt_open
 .text.usbd_edpt_claim
                0x0000000010006170       0x28 CMakeFiles/adc_display.dir/Users/thetragedyofdarthwise/pico/pico-sdk/lib/tinyusb/src/device/usbd.c.obj
                0x0000000010006170                usbd_edpt_claim
 .text.usbd_edpt_release
                0x0000000010006198       0x28 CMakeFiles/adc_display.dir/Users/thetragedyofdarthwise/pico/pico-sdk/lib/tinyusb/src/device/usbd.c.obj
                0x0000000010006198                usbd_edpt_release
 .text.usbd_edpt_xfer
                0x00000000100061c0       0x4c CMakeFiles/adc_display.dir/Users/thetragedyofdarthwise/pico/pico-sdk/lib/tinyusb/src/device/usbd.c.obj
                0x00000000100061c0                usbd_edpt_xfer
 .text.tud_control_status
                0x000000001000620c       0x30 CMakeFiles/adc_display.dir/Users/thetragedyofdarthwise/pico/pico-sdk/lib/tinyusb/src/device/usbd_control.c.obj
                0x000000001000620c                tud_control_status
 .text.tud_control_xfer
                0x000000001000623c       0xbc CMakeFiles/adc_display.dir/Users/thetragedyofdarthwise/pico/pico-sdk/lib/tinyusb/src/device/usbd_control.c.obj
                0x000000001000623c                tud_control_xfer
 .text.usbd_control_reset
                0x00000000100062f8       0x14 CMakeFiles/adc_display.dir/Users/thetragedyofdarthwise/pico/pico-sdk/lib/tinyusb/src/device/usbd_control.c.obj
                0x00000000100062f8                usbd_control_reset
 .text.usbd_control_set_complete_callback
                0x000000001000630c        0xc CMakeFiles/adc_display.dir/Users/thetragedyofdarthwise/pico/pico-sdk/lib/tinyusb/src/device/usbd_control.c.obj
                0x000000001000630c                usbd_control_set_complete_callback
 .text.usbd_control_set_request
                0x0000000010006318       0x1c CMakeFiles/adc_display.dir/Users/thetragedyofdarthwise/pico/pico-sdk/lib/tinyusb/src/device/usbd_control.c.obj
                0x0000000010006318                usbd_control_set_request
 .text.usbd_control_xfer_cb
                0x0000000010006334       0xfc CMakeFiles/adc_display.dir/Users/thetragedyofdarthwise/pico/pico-sdk/lib/tinyusb/src/device/usbd_control.c.obj
                0x0000000010006334                usbd_control_xfer_cb
 .text.tud_cdc_n_connected
                0x0000000010006430       0x30 CMakeFiles/adc_display.dir/Users/thetragedyofdarthwise/pico/pico-sdk/lib/tinyusb/src/class/cdc/cdc_device.c.obj
                0x0000000010006430                tud_cdc_n_connected
 .text.tud_cdc_n_available
                0x0000000010006460       0x18 CMakeFiles/adc_display.dir/Users/thetragedyofdarthwise/pico/pico-sdk/lib/tinyusb/src/class/cdc/cdc_device.c.obj
                0x0000000010006460                tud_cdc_n_available
 .text.tud_cdc_n_read
                0x0000000010006478       0x70 CMakeFiles/adc_display.dir/Users/thetragedyofdarthwise/pico/pico-sdk/lib/tinyusb/src/class/cdc/cdc_device.c.obj
                0x0000000010006478                tud_cdc_n_read
 .text.tud_cdc_n_write_flush
                0x00000000100064e8       0x78 CMakeFiles/adc_display.dir/Users/thetragedyofdarthwise/pico/pico-sdk/lib/tinyusb/src/class/cdc/cdc_device.c.obj
                0x00000000100064e8                tud_cdc_n_write_flush
 .text.tud_cdc_n_write
                0x0000000010006560       0x34 CMakeFiles/adc_display.dir/Users/thetragedyofdarthwise/pico/pico-sdk/lib/tinyusb/src/class/cdc/cdc_device.c.obj
                0x0000000010006560                tud_cdc_n_write
 .text.tud_cdc_n_write_available
                0x0000000010006594       0x18 CMakeFiles/adc_display.dir/Users/thetragedyofdarthwise/pico/pico-sdk/lib/tinyusb/src/class/cdc/cdc_device.c.obj
                0x0000000010006594                tud_cdc_n_write_available
 .text.cdcd_init
                0x00000000100065ac       0x7c CMakeFiles/adc_display.dir/Users/thetragedyofdarthwise/pico/pico-sdk/lib/tinyusb/src/class/cdc/cdc_device.c.obj
                0x00000000100065ac                cdcd_init
 .text.cdcd_reset
                0x0000000010006628       0x2c CMakeFiles/adc_display.dir/Users/thetragedyofdarthwise/pico/pico-sdk/lib/tinyusb/src/class/cdc/cdc_device.c.obj
                0x0000000010006628                cdcd_reset
 .text.cdcd_open
                0x0000000010006654       0xe8 CMakeFiles/adc_display.dir/Users/thetragedyofdarthwise/pico/pico-sdk/lib/tinyusb/src/class/cdc/cdc_device.c.obj
                0x0000000010006654                cdcd_open
 .text.cdcd_control_xfer_cb
                0x000000001000673c       0xe4 CMakeFiles/adc_display.dir/Users/thetragedyofdarthwise/pico/pico-sdk/lib/tinyusb/src/class/cdc/cdc_device.c.obj
                0x000000001000673c                cdcd_control_xfer_cb
 .text.cdcd_xfer_cb
                0x0000000010006820      0x148 CMakeFiles/adc_display.dir/Users/thetragedyofdarthwise/pico/pico-sdk/lib/tinyusb/src/class/cdc/cdc_device.c.obj
                0x0000000010006820                cdcd_xfer_cb
 .text.tusb_init
                0x0000000010006968        0xc CMakeFiles/adc_display.dir/Users/thetragedyofdarthwise/pico/pico-sdk/lib/tinyusb/src/tusb.c.obj
                0x0000000010006968                tusb_init
 .text.tusb_inited
                0x0000000010006974        0x8 CMakeFiles/adc_display.dir/Users/thetragedyofdarthwise/pico/pico-sdk/lib/tinyusb/src/tusb.c.obj
                0x0000000010006974                tusb_inited
 .text.tu_edpt_claim
                0x000000001000697c       0x50 CMakeFiles/adc_display.dir/Users/thetragedyofdarthwise/pico/pico-sdk/lib/tinyusb/src/tusb.c.obj
                0x000000001000697c                tu_edpt_claim
 .text.tu_edpt_release
                0x00000000100069cc       0x38 CMakeFiles/adc_display.dir/Users/thetragedyofdarthwise/pico/pico-sdk/lib/tinyusb/src/tusb.c.obj
                0x00000000100069cc                tu_edpt_release
 .text.tu_edpt_validate
                0x0000000010006a04       0x78 CMakeFiles/adc_display.dir/Users/thetragedyofdarthwise/pico/pico-sdk/lib/tinyusb/src/tusb.c.obj
                0x0000000010006a04                tu_edpt_validate
 .text.tu_edpt_bind_driver
                0x0000000010006a7c       0x34 CMakeFiles/adc_display.dir/Users/thetragedyofdarthwise/pico/pico-sdk/lib/tinyusb/src/tusb.c.obj
                0x0000000010006a7c                tu_edpt_bind_driver
 .text.tu_fifo_config
                0x0000000010006ab0       0x70 CMakeFiles/adc_display.dir/Users/thetragedyofdarthwise/pico/pico-sdk/lib/tinyusb/src/common/tusb_fifo.c.obj
                0x0000000010006ab0                tu_fifo_config
 .text.tu_fifo_count
                0x0000000010006b20       0x2c CMakeFiles/adc_display.dir/Users/thetragedyofdarthwise/pico/pico-sdk/lib/tinyusb/src/common/tusb_fifo.c.obj
                0x0000000010006b20                tu_fifo_count
 .text.tu_fifo_empty
                0x0000000010006b4c       0x10 CMakeFiles/adc_display.dir/Users/thetragedyofdarthwise/pico/pico-sdk/lib/tinyusb/src/common/tusb_fifo.c.obj
                0x0000000010006b4c                tu_fifo_empty
 .text.tu_fifo_remaining
                0x0000000010006b5c       0x2c CMakeFiles/adc_display.dir/Users/thetragedyofdarthwise/pico/pico-sdk/lib/tinyusb/src/common/tusb_fifo.c.obj
                0x0000000010006b5c                tu_fifo_remaining
 .text.tu_fifo_read
                0x0000000010006b88       0xa0 CMakeFiles/adc_display.dir/Users/thetragedyofdarthwise/pico/pico-sdk/lib/tinyusb/src/common/tusb_fifo.c.obj
                0x0000000010006b88                tu_fifo_read
 .text.tu_fifo_read_n
                0x0000000010006c28       0xec CMakeFiles/adc_display.dir/Users/thetragedyofdarthwise/pico/pico-sdk/lib/tinyusb/src/common/tusb_fifo.c.obj
                0x0000000010006c28                tu_fifo_read_n
 .text.tu_fifo_write
                0x0000000010006d14       0x88 CMakeFiles/adc_display.dir/Users/thetragedyofdarthwise/pico/pico-sdk/lib/tinyusb/src/common/tusb_fifo.c.obj
                0x0000000010006d14                tu_fifo_write
 .text.tu_fifo_write_n
                0x0000000010006d9c      0x168 CMakeFiles/adc_display.dir/Users/thetragedyofdarthwise/pico/pico-sdk/lib/tinyusb/src/common/tusb_fifo.c.obj
                0x0000000010006d9c                tu_fifo_write_n
 .text.tu_fifo_clear
                0x0000000010006f04       0x40 CMakeFiles/adc_display.dir/Users/thetragedyofdarthwise/pico/pico-sdk/lib/tinyusb/src/common/tusb_fifo.c.obj
                0x0000000010006f04                tu_fifo_clear
 .text.tu_fifo_set_overwritable
                0x0000000010006f44       0x48 CMakeFiles/adc_display.dir/Users/thetragedyofdarthwise/pico/pico-sdk/lib/tinyusb/src/common/tusb_fifo.c.obj
                0x0000000010006f44                tu_fifo_set_overwritable
 .text.adc_init
                0x0000000010006f8c       0x38 CMakeFiles/adc_display.dir/Users/thetragedyofdarthwise/pico/pico-sdk/src/rp2_common/hardware_adc/adc.c.obj
                0x0000000010006f8c                adc_init
 .text.core1_trampoline
                0x0000000010006fc4        0x4 CMakeFiles/adc_display.dir/Users/thetragedyofdarthwise/pico/pico-sdk/src/rp2_common/pico_multicore/multicore.c.obj
 .text.core1_wrapper
                0x0000000010006fc8        0xc CMakeFiles/adc_display.dir/Users/thetragedyofdarthwise/pico/pico-sdk/src/rp2_common/pico_multicore/multicore.c.obj
                0x0000000010006fc8                core1_wrapper
 .text.multicore_fifo_push_blocking
                0x0000000010006fd4       0x14 CMakeFiles/adc_display.dir/Users/thetragedyofdarthwise/pico/pico-sdk/src/rp2_common/pico_multicore/multicore.c.obj
                0x0000000010006fd4                multicore_fifo_push_blocking
 .text.multicore_fifo_pop_blocking
                0x0000000010006fe8       0x1c CMakeFiles/adc_display.dir/Users/thetragedyofdarthwise/pico/pico-sdk/src/rp2_common/pico_multicore/multicore.c.obj
                0x0000000010006fe8                multicore_fifo_pop_blocking
 .text.multicore_reset_core1
                0x0000000010007004       0x24 CMakeFiles/adc_display.dir/Users/thetragedyofdarthwise/pico/pico-sdk/src/rp2_common/pico_multicore/multicore.c.obj
                0x0000000010007004                multicore_reset_core1
 .text.multicore_launch_core1_raw
                0x0000000010007028       0x84 CMakeFiles/adc_display.dir/Users/thetragedyofdarthwise/pico/pico-sdk/src/rp2_common/pico_multicore/multicore.c.obj
                0x0000000010007028                multicore_launch_core1_raw
 .text.multicore_launch_core1
                0x00000000100070ac       0x4c CMakeFiles/adc_display.dir/Users/thetragedyofdarthwise/pico/pico-sdk/src/rp2_common/pico_multicore/multicore.c.obj
                0x00000000100070ac                multicore_launch_core1
 .text.i2c_set_baudrate
                0x00000000100070f8       0xc4 CMakeFiles/adc_display.dir/Users/thetragedyofdarthwise/pico/pico-sdk/src/rp2_common/hardware_i2c/i2c.c.obj
                0x00000000100070f8                i2c_set_baudrate
 .text.i2c_init
                0x00000000100071bc       0x54 CMakeFiles/adc_display.dir/Users/thetragedyofdarthwise/pico/pico-sdk/src/rp2_common/hardware_i2c/i2c.c.obj
                0x00000000100071bc                i2c_init
 .text.i2c_write_blocking
                0x0000000010007210       0xd0 CMakeFiles/adc_display.dir/Users/thetragedyofdarthwise/pico/pico-sdk/src/rp2_common/hardware_i2c/i2c.c.obj
                0x0000000010007210                i2c_write_blocking
 .text.malloc   0x00000000100072e0       0x14 /opt/homebrew/Cellar/arm-none-eabi-gcc/10.3-2021.07/gcc/bin/../lib/gcc/arm-none-eabi/10.3.1/../../../../arm-none-eabi/lib/thumb/v6-m/nofp/libc.a(lib_a-malloc.o)
                0x00000000100072e0                malloc
 .text.free     0x00000000100072f4       0x14 /opt/homebrew/Cellar/arm-none-eabi-gcc/10.3-2021.07/gcc/bin/../lib/gcc/arm-none-eabi/10.3.1/../../../../arm-none-eabi/lib/thumb/v6-m/nofp/libc.a(lib_a-malloc.o)
                0x00000000100072f4                free
 .text._malloc_r
                0x0000000010007308      0x584 /opt/homebrew/Cellar/arm-none-eabi-gcc/10.3-2021.07/gcc/bin/../lib/gcc/arm-none-eabi/10.3.1/../../../../arm-none-eabi/lib/thumb/v6-m/nofp/libc.a(lib_a-mallocr.o)
                0x0000000010007308                _malloc_r
 .text.__malloc_lock
                0x000000001000788c       0x10 /opt/homebrew/Cellar/arm-none-eabi-gcc/10.3-2021.07/gcc/bin/../lib/gcc/arm-none-eabi/10.3.1/../../../../arm-none-eabi/lib/thumb/v6-m/nofp/libc.a(lib_a-mlock.o)
                0x000000001000788c                __malloc_lock
 .text.__malloc_unlock
                0x000000001000789c       0x10 /opt/homebrew/Cellar/arm-none-eabi-gcc/10.3-2021.07/gcc/bin/../lib/gcc/arm-none-eabi/10.3.1/../../../../arm-none-eabi/lib/thumb/v6-m/nofp/libc.a(lib_a-mlock.o)
                0x000000001000789c                __malloc_unlock
 .text._sbrk_r  0x00000000100078ac       0x24 /opt/homebrew/Cellar/arm-none-eabi-gcc/10.3-2021.07/gcc/bin/../lib/gcc/arm-none-eabi/10.3.1/../../../../arm-none-eabi/lib/thumb/v6-m/nofp/libc.a(lib_a-sbrkr.o)
                0x00000000100078ac                _sbrk_r
 .text.strlen   0x00000000100078d0       0x5c /opt/homebrew/Cellar/arm-none-eabi-gcc/10.3-2021.07/gcc/bin/../lib/gcc/arm-none-eabi/10.3.1/../../../../arm-none-eabi/lib/thumb/v6-m/nofp/libc.a(lib_a-strlen-stub.o)
                0x00000000100078d0                strlen
 .text._malloc_trim_r
                0x000000001000792c       0x9c /opt/homebrew/Cellar/arm-none-eabi-gcc/10.3-2021.07/gcc/bin/../lib/gcc/arm-none-eabi/10.3.1/../../../../arm-none-eabi/lib/thumb/v6-m/nofp/libc.a(lib_a-freer.o)
                0x000000001000792c                _malloc_trim_r
 .text._free_r  0x00000000100079c8      0x1c4 /opt/homebrew/Cellar/arm-none-eabi-gcc/10.3-2021.07/gcc/bin/../lib/gcc/arm-none-eabi/10.3.1/../../../../arm-none-eabi/lib/thumb/v6-m/nofp/libc.a(lib_a-freer.o)
                0x00000000100079c8                _free_r
 .text.__retarget_lock_acquire_recursive
                0x0000000010007b8c        0x4 /opt/homebrew/Cellar/arm-none-eabi-gcc/10.3-2021.07/gcc/bin/../lib/gcc/arm-none-eabi/10.3.1/../../../../arm-none-eabi/lib/thumb/v6-m/nofp/libc.a(lib_a-lock.o)
                0x0000000010007b8c                __retarget_lock_acquire_recursive
 .text.__retarget_lock_release_recursive
                0x0000000010007b90        0x4 /opt/homebrew/Cellar/arm-none-eabi-gcc/10.3-2021.07/gcc/bin/../lib/gcc/arm-none-eabi/10.3.1/../../../../arm-none-eabi/lib/thumb/v6-m/nofp/libc.a(lib_a-lock.o)
                0x0000000010007b90                __retarget_lock_release_recursive
 *(.fini)
 .fini          0x0000000010007b94        0x4 /opt/homebrew/Cellar/arm-none-eabi-gcc/10.3-2021.07/gcc/bin/../lib/gcc/arm-none-eabi/10.3.1/thumb/v6-m/nofp/crti.o
                0x0000000010007b94                _fini
 .fini.__stub   0x0000000010007b98       0xe0 linker stubs
 *crtbegin.o(.ctors)
 *crtbegin?.o(.ctors)
 *(EXCLUDE_FILE(*crtend.o *crtend?.o) .ctors)
 *(SORT_BY_NAME(.ctors.*))
 *(.ctors)
 *crtbegin.o(.dtors)
 *crtbegin?.o(.dtors)
 *(EXCLUDE_FILE(*crtend.o *crtend?.o) .dtors)
 *(SORT_BY_NAME(.dtors.*))
 *(.dtors)
 *(.eh_frame*)
 .eh_frame      0x0000000010007c78        0x0 /opt/homebrew/Cellar/arm-none-eabi-gcc/10.3-2021.07/gcc/bin/../lib/gcc/arm-none-eabi/10.3.1/thumb/v6-m/nofp/crtbegin.o
                0x0000000010007c78                . = ALIGN (0x4)

.glue_7         0x0000000010007c78        0x0
 .glue_7        0x0000000010007c78        0x0 linker stubs

.glue_7t        0x0000000010007c78        0x0
 .glue_7t       0x0000000010007c78        0x0 linker stubs

.vfp11_veneer   0x0000000010007c78        0x0
 .vfp11_veneer  0x0000000010007c78        0x0 linker stubs

.v4_bx          0x0000000010007c78        0x0
 .v4_bx         0x0000000010007c78        0x0 linker stubs

.iplt           0x0000000010007c78        0x0
 .iplt          0x0000000010007c78        0x0 /opt/homebrew/Cellar/arm-none-eabi-gcc/10.3-2021.07/gcc/bin/../lib/gcc/arm-none-eabi/10.3.1/thumb/v6-m/nofp/crtbegin.o

.rodata         0x0000000010007c78      0x7c0
 *(EXCLUDE_FILE(*libm.a: *libc.a:*lib_a-mem*.o *libgcc.a:) .rodata*)
 .rodata.str1.4
                0x0000000010007c78       0x2c CMakeFiles/adc_display.dir/main.c.obj
 .rodata.display_number.str1.4
                0x0000000010007ca4        0x3 CMakeFiles/adc_display.dir/main.c.obj
 *fill*         0x0000000010007ca7        0x1 
 .rodata        0x0000000010007ca8       0x18 CMakeFiles/adc_display.dir/main.c.obj
 .rodata.ssd1306_init.str1.4
                0x0000000010007cc0       0x3f CMakeFiles/adc_display.dir/Users/thetragedyofdarthwise/PicoDev/explorer/RainDropGame/ssd1306.c.obj
 *fill*         0x0000000010007cff        0x1 
 .rodata.ssd1306_show.str1.4
                0x0000000010007d00        0xd CMakeFiles/adc_display.dir/Users/thetragedyofdarthwise/PicoDev/explorer/RainDropGame/ssd1306.c.obj
 *fill*         0x0000000010007d0d        0x3 
 .rodata.font_8x5
                0x0000000010007d10      0x1e0 CMakeFiles/adc_display.dir/Users/thetragedyofdarthwise/PicoDev/explorer/RainDropGame/ssd1306.c.obj
                0x0000000010007d10                font_8x5
 .rodata.spin_lock_claim_unused.str1.4
                0x0000000010007ef0       0x1b CMakeFiles/adc_display.dir/Users/thetragedyofdarthwise/pico/pico-sdk/src/rp2_common/hardware_sync/sync.c.obj
 *fill*         0x0000000010007f0b        0x1 
 .rodata.user_irq_claim_unused.str1.4
                0x0000000010007f0c       0x1b CMakeFiles/adc_display.dir/Users/thetragedyofdarthwise/pico/pico-sdk/src/rp2_common/hardware_irq/irq.c.obj
 *fill*         0x0000000010007f27        0x1 
 .rodata.hardware_alarm_claim.str1.4
                0x0000000010007f28       0x22 CMakeFiles/adc_display.dir/Users/thetragedyofdarthwise/pico/pico-sdk/src/rp2_common/hardware_timer/timer.c.obj
 *fill*         0x0000000010007f4a        0x2 
 .rodata.panic.str1.4
                0x0000000010007f4c       0x12 CMakeFiles/adc_display.dir/Users/thetragedyofdarthwise/pico/pico-sdk/src/rp2_common/pico_runtime/runtime.c.obj
 *fill*         0x0000000010007f5e        0x2 
 .rodata.hard_assertion_failure.str1.4
                0x0000000010007f60        0xc CMakeFiles/adc_display.dir/Users/thetragedyofdarthwise/pico/pico-sdk/src/rp2_common/pico_runtime/runtime.c.obj
 .rodata._ftoa.str1.4
                0x0000000010007f6c       0x15 CMakeFiles/adc_display.dir/Users/thetragedyofdarthwise/pico/pico-sdk/src/rp2_common/pico_printf/printf.c.obj
 *fill*         0x0000000010007f81        0x3 
 .rodata._vsnprintf
                0x0000000010007f84      0x1e0 CMakeFiles/adc_display.dir/Users/thetragedyofdarthwise/pico/pico-sdk/src/rp2_common/pico_printf/printf.c.obj
 *fill*         0x0000000010008164        0x4 
 .rodata.pow10.0
                0x0000000010008168       0x50 CMakeFiles/adc_display.dir/Users/thetragedyofdarthwise/pico/pico-sdk/src/rp2_common/pico_printf/printf.c.obj
 .rodata.missing_double_func_shim.str1.4
                0x00000000100081b8       0x18 CMakeFiles/adc_display.dir/Users/thetragedyofdarthwise/pico/pico-sdk/src/rp2_common/pico_double/double_init_rom.c.obj
 .rodata.missing_float_func_shim.str1.4
                0x00000000100081d0       0x18 CMakeFiles/adc_display.dir/Users/thetragedyofdarthwise/pico/pico-sdk/src/rp2_common/pico_float/float_init_rom.c.obj
                                          0x1 (size before relaxing)
 .rodata.__wrap_malloc.str1.4
                0x00000000100081d0        0xe CMakeFiles/adc_display.dir/Users/thetragedyofdarthwise/pico/pico-sdk/src/rp2_common/pico_malloc/pico_malloc.c.obj
 *fill*         0x00000000100081de        0x2 
 .rodata.str1.4
                0x00000000100081e0       0x40 CMakeFiles/adc_display.dir/Users/thetragedyofdarthwise/pico/pico-sdk/src/rp2_common/pico_standard_link/binary_info.c.obj
 .rodata.__bi_44
                0x0000000010008220        0xc CMakeFiles/adc_display.dir/Users/thetragedyofdarthwise/pico/pico-sdk/src/rp2_common/pico_standard_link/binary_info.c.obj
 .rodata.__bi_75
                0x000000001000822c        0xc CMakeFiles/adc_display.dir/Users/thetragedyofdarthwise/pico/pico-sdk/src/rp2_common/pico_standard_link/binary_info.c.obj
 .rodata.__bi_81
                0x0000000010008238        0xc CMakeFiles/adc_display.dir/Users/thetragedyofdarthwise/pico/pico-sdk/src/rp2_common/pico_standard_link/binary_info.c.obj
 .rodata.crlf_str.0
                0x0000000010008244        0x2 CMakeFiles/adc_display.dir/Users/thetragedyofdarthwise/pico/pico-sdk/src/rp2_common/pico_stdio/stdio.c.obj
 *fill*         0x0000000010008246        0x2 
 .rodata._resetd_driver
                0x0000000010008248       0x18 CMakeFiles/adc_display.dir/Users/thetragedyofdarthwise/pico/pico-sdk/src/rp2_common/pico_stdio_usb/reset_interface.c.obj
 .rodata.str1.4
                0x0000000010008260       0x13 CMakeFiles/adc_display.dir/Users/thetragedyofdarthwise/pico/pico-sdk/src/rp2_common/pico_stdio_usb/stdio_usb.c.obj
 *fill*         0x0000000010008273        0x1 
 .rodata.__bi_188.0
                0x0000000010008274        0xc CMakeFiles/adc_display.dir/Users/thetragedyofdarthwise/pico/pico-sdk/src/rp2_common/pico_stdio_usb/stdio_usb.c.obj
 .rodata.str1.4
                0x0000000010008280       0x2a CMakeFiles/adc_display.dir/Users/thetragedyofdarthwise/pico/pico-sdk/src/rp2_common/pico_stdio_usb/stdio_usb_descriptors.c.obj
 *fill*         0x00000000100082aa        0x2 
 .rodata.usbd_desc_cfg
                0x00000000100082ac       0x54 CMakeFiles/adc_display.dir/Users/thetragedyofdarthwise/pico/pico-sdk/src/rp2_common/pico_stdio_usb/stdio_usb_descriptors.c.obj
 .rodata.usbd_desc_device
                0x0000000010008300       0x12 CMakeFiles/adc_display.dir/Users/thetragedyofdarthwise/pico/pico-sdk/src/rp2_common/pico_stdio_usb/stdio_usb_descriptors.c.obj
 *fill*         0x0000000010008312        0x2 
 .rodata.usbd_desc_str
                0x0000000010008314       0x18 CMakeFiles/adc_display.dir/Users/thetragedyofdarthwise/pico/pico-sdk/src/rp2_common/pico_stdio_usb/stdio_usb_descriptors.c.obj
 .rodata.str1.4
                0x000000001000832c       0x14 CMakeFiles/adc_display.dir/Users/thetragedyofdarthwise/pico/pico-sdk/lib/tinyusb/src/portable/raspberrypi/rp2040/dcd_rp2040.c.obj
 .rodata.str1.4
                0x0000000010008340       0x53 CMakeFiles/adc_display.dir/Users/thetragedyofdarthwise/pico/pico-sdk/lib/tinyusb/src/portable/raspberrypi/rp2040/rp2040_usb.c.obj
 *fill*         0x0000000010008393        0x1 
 .rodata.tud_task_ext
                0x0000000010008394       0x8c CMakeFiles/adc_display.dir/Users/thetragedyofdarthwise/pico/pico-sdk/lib/tinyusb/src/device/usbd.c.obj
 .rodata._usbd_driver
                0x0000000010008420       0x18 CMakeFiles/adc_display.dir/Users/thetragedyofdarthwise/pico/pico-sdk/lib/tinyusb/src/device/usbd.c.obj
                0x0000000010008438                . = ALIGN (0x4)
 *(SORT_BY_ALIGNMENT(SORT_BY_NAME(.flashdata*)))
                0x0000000010008438                . = ALIGN (0x4)

.rel.dyn        0x0000000010008438        0x0
 .rel.iplt      0x0000000010008438        0x0 /opt/homebrew/Cellar/arm-none-eabi-gcc/10.3-2021.07/gcc/bin/../lib/gcc/arm-none-eabi/10.3.1/thumb/v6-m/nofp/crtbegin.o

.ARM.extab
 *(.ARM.extab* .gnu.linkonce.armextab.*)
                0x0000000010008438                __exidx_start = .

.ARM.exidx
 *(.ARM.exidx* .gnu.linkonce.armexidx.*)
                0x0000000010008438                __exidx_end = .
                0x0000000010008438                . = ALIGN (0x4)
                0x0000000010008438                __binary_info_start = .

.binary_info    0x0000000010008438       0x20
 *(.binary_info.keep.*)
 .binary_info.keep.__bi_ptr22
                0x0000000010008438        0x4 CMakeFiles/adc_display.dir/Users/thetragedyofdarthwise/pico/pico-sdk/src/rp2_common/pico_standard_link/binary_info.c.obj
 .binary_info.keep.__bi_ptr30
                0x000000001000843c        0x4 CMakeFiles/adc_display.dir/Users/thetragedyofdarthwise/pico/pico-sdk/src/rp2_common/pico_standard_link/binary_info.c.obj
 .binary_info.keep.__bi_ptr38
                0x0000000010008440        0x4 CMakeFiles/adc_display.dir/Users/thetragedyofdarthwise/pico/pico-sdk/src/rp2_common/pico_standard_link/binary_info.c.obj
 .binary_info.keep.__bi_ptr44
                0x0000000010008444        0x4 CMakeFiles/adc_display.dir/Users/thetragedyofdarthwise/pico/pico-sdk/src/rp2_common/pico_standard_link/binary_info.c.obj
 .binary_info.keep.__bi_ptr50
                0x0000000010008448        0x4 CMakeFiles/adc_display.dir/Users/thetragedyofdarthwise/pico/pico-sdk/src/rp2_common/pico_standard_link/binary_info.c.obj
 .binary_info.keep.__bi_ptr75
                0x000000001000844c        0x4 CMakeFiles/adc_display.dir/Users/thetragedyofdarthwise/pico/pico-sdk/src/rp2_common/pico_standard_link/binary_info.c.obj
 .binary_info.keep.__bi_ptr81
                0x0000000010008450        0x4 CMakeFiles/adc_display.dir/Users/thetragedyofdarthwise/pico/pico-sdk/src/rp2_common/pico_standard_link/binary_info.c.obj
 *(.binary_info.*)
 .binary_info.__bi_ptr188
                0x0000000010008454        0x4 CMakeFiles/adc_display.dir/Users/thetragedyofdarthwise/pico/pico-sdk/src/rp2_common/pico_stdio_usb/stdio_usb.c.obj
                0x0000000010008458                __binary_info_end = .
                0x0000000010008458                . = ALIGN (0x4)
                0x0000000010008458                __etext = .

.ram_vector_table
                0x0000000020000000       0xc0
 *(.ram_vector_table)
 .ram_vector_table
                0x0000000020000000       0xc0 CMakeFiles/adc_display.dir/Users/thetragedyofdarthwise/pico/pico-sdk/src/rp2_common/pico_runtime/runtime.c.obj
                0x0000000020000000                ram_vector_table

.data           0x00000000200000c0     0x1758 load address 0x0000000010008458
                0x00000000200000c0                __data_start__ = .
 *(vtable)
 *(.time_critical*)
 .time_critical.mutex_enter_blocking
                0x00000000200000c0       0x48 CMakeFiles/adc_display.dir/Users/thetragedyofdarthwise/pico/pico-sdk/src/common/pico_sync/mutex.c.obj
                0x00000000200000c0                mutex_enter_blocking
 .time_critical.mutex_try_enter
                0x0000000020000108       0x44 CMakeFiles/adc_display.dir/Users/thetragedyofdarthwise/pico/pico-sdk/src/common/pico_sync/mutex.c.obj
                0x0000000020000108                mutex_try_enter
 .time_critical.mutex_try_enter_block_until
                0x000000002000014c       0x9c CMakeFiles/adc_display.dir/Users/thetragedyofdarthwise/pico/pico-sdk/src/common/pico_sync/mutex.c.obj
                0x000000002000014c                mutex_try_enter_block_until
 .time_critical.mutex_enter_timeout_ms
                0x00000000200001e8       0x90 CMakeFiles/adc_display.dir/Users/thetragedyofdarthwise/pico/pico-sdk/src/common/pico_sync/mutex.c.obj
                0x00000000200001e8                mutex_enter_timeout_ms
 .time_critical.mutex_exit
                0x0000000020000278       0x28 CMakeFiles/adc_display.dir/Users/thetragedyofdarthwise/pico/pico-sdk/src/common/pico_sync/mutex.c.obj
                0x0000000020000278                mutex_exit
 .time_critical.flash_init_boot2_copyout
                0x00000000200002a0       0x30 CMakeFiles/adc_display.dir/Users/thetragedyofdarthwise/pico/pico-sdk/src/rp2_common/hardware_flash/flash.c.obj
 .time_critical.flash_enable_xip_via_boot2
                0x00000000200002d0       0x10 CMakeFiles/adc_display.dir/Users/thetragedyofdarthwise/pico/pico-sdk/src/rp2_common/hardware_flash/flash.c.obj
 .time_critical.flash_cs_force
                0x00000000200002e0       0x38 CMakeFiles/adc_display.dir/Users/thetragedyofdarthwise/pico/pico-sdk/src/rp2_common/hardware_flash/flash.c.obj
 .time_critical.flash_do_cmd
                0x0000000020000318       0xc4 CMakeFiles/adc_display.dir/Users/thetragedyofdarthwise/pico/pico-sdk/src/rp2_common/hardware_flash/flash.c.obj
                0x0000000020000318                flash_do_cmd
 .time_critical.reset_non_control_endpoints
                0x00000000200003dc       0xbc CMakeFiles/adc_display.dir/Users/thetragedyofdarthwise/pico/pico-sdk/lib/tinyusb/src/portable/raspberrypi/rp2040/dcd_rp2040.c.obj
 .time_critical.hw_handle_buff_status
                0x0000000020000498       0xa8 CMakeFiles/adc_display.dir/Users/thetragedyofdarthwise/pico/pico-sdk/lib/tinyusb/src/portable/raspberrypi/rp2040/dcd_rp2040.c.obj
 .time_critical.dcd_rp2040_irq
                0x0000000020000540      0x4d8 CMakeFiles/adc_display.dir/Users/thetragedyofdarthwise/pico/pico-sdk/lib/tinyusb/src/portable/raspberrypi/rp2040/dcd_rp2040.c.obj
 .time_critical.e15_is_bulkin_ep
                0x0000000020000a18       0x28 CMakeFiles/adc_display.dir/Users/thetragedyofdarthwise/pico/pico-sdk/lib/tinyusb/src/portable/raspberrypi/rp2040/rp2040_usb.c.obj
 .time_critical.e15_is_critical_frame_period
                0x0000000020000a40       0x34 CMakeFiles/adc_display.dir/Users/thetragedyofdarthwise/pico/pico-sdk/lib/tinyusb/src/portable/raspberrypi/rp2040/rp2040_usb.c.obj
 .time_critical.prepare_ep_buffer
                0x0000000020000a74       0x70 CMakeFiles/adc_display.dir/Users/thetragedyofdarthwise/pico/pico-sdk/lib/tinyusb/src/portable/raspberrypi/rp2040/rp2040_usb.c.obj
 .time_critical.sync_ep_buffer
                0x0000000020000ae4       0x4c CMakeFiles/adc_display.dir/Users/thetragedyofdarthwise/pico/pico-sdk/lib/tinyusb/src/portable/raspberrypi/rp2040/rp2040_usb.c.obj
 .time_critical._hw_endpoint_xfer_sync
                0x0000000020000b30       0x28 CMakeFiles/adc_display.dir/Users/thetragedyofdarthwise/pico/pico-sdk/lib/tinyusb/src/portable/raspberrypi/rp2040/rp2040_usb.c.obj
 .time_critical.hw_endpoint_reset_transfer
                0x0000000020000b58        0xc CMakeFiles/adc_display.dir/Users/thetragedyofdarthwise/pico/pico-sdk/lib/tinyusb/src/portable/raspberrypi/rp2040/rp2040_usb.c.obj
                0x0000000020000b58                hw_endpoint_reset_transfer
 .time_critical._hw_endpoint_buffer_control_update32
                0x0000000020000b64       0x58 CMakeFiles/adc_display.dir/Users/thetragedyofdarthwise/pico/pico-sdk/lib/tinyusb/src/portable/raspberrypi/rp2040/rp2040_usb.c.obj
                0x0000000020000b64                _hw_endpoint_buffer_control_update32
 .time_critical.hw_endpoint_start_next_buffer
                0x0000000020000bbc       0x6c CMakeFiles/adc_display.dir/Users/thetragedyofdarthwise/pico/pico-sdk/lib/tinyusb/src/portable/raspberrypi/rp2040/rp2040_usb.c.obj
                0x0000000020000bbc                hw_endpoint_start_next_buffer
 .time_critical.hw_endpoint_xfer_continue
                0x0000000020000c28       0x50 CMakeFiles/adc_display.dir/Users/thetragedyofdarthwise/pico/pico-sdk/lib/tinyusb/src/portable/raspberrypi/rp2040/rp2040_usb.c.obj
                0x0000000020000c28                hw_endpoint_xfer_continue
 .time_critical.tinyusb
                0x0000000020000c78      0x170 CMakeFiles/adc_display.dir/Users/thetragedyofdarthwise/pico/pico-sdk/lib/tinyusb/src/device/usbd.c.obj
                0x0000000020000c78                dcd_event_handler
 *(.text*)
 .text          0x0000000020000de8        0x4 /opt/homebrew/Cellar/arm-none-eabi-gcc/10.3-2021.07/gcc/bin/../lib/gcc/arm-none-eabi/10.3.1/thumb/v6-m/nofp/libgcc.a(_dvmd_tls.o)
                0x0000000020000de8                __aeabi_ldiv0
                0x0000000020000de8                __aeabi_idiv0
 *fill*         0x0000000020000dec        0x4 
 .text.__stub   0x0000000020000df0       0x70 linker stubs
                0x0000000020000e60                . = ALIGN (0x4)
 *(.rodata*)
                0x0000000020000e60                . = ALIGN (0x4)
 *(.data*)
 .data.bullet_wait_speed
                0x0000000020000e60        0x4 CMakeFiles/adc_display.dir/main.c.obj
                0x0000000020000e60                bullet_wait_speed
 .data.game_restart
                0x0000000020000e64        0x4 CMakeFiles/adc_display.dir/main.c.obj
                0x0000000020000e64                game_restart
 .data.random   0x0000000020000e68       0x64 CMakeFiles/adc_display.dir/main.c.obj
                0x0000000020000e68                random
 .data.striped_spin_lock_num
                0x0000000020000ecc        0x1 CMakeFiles/adc_display.dir/Users/thetragedyofdarthwise/pico/pico-sdk/src/rp2_common/hardware_sync/sync.c.obj
 *fill*         0x0000000020000ecd        0x3 
 .data          0x0000000020000ed0       0x48 CMakeFiles/adc_display.dir/Users/thetragedyofdarthwise/pico/pico-sdk/src/rp2_common/hardware_irq/irq_handler_chain.S.obj
                0x0000000020000ed0                irq_handler_chain_slots
                0x0000000020000f00                irq_handler_chain_first_slot
                0x0000000020000f0a                irq_handler_chain_remove_tail
 .data.default_alarm_pool
                0x0000000020000f18       0x18 CMakeFiles/adc_display.dir/Users/thetragedyofdarthwise/pico/pico-sdk/src/common/pico_time/time.c.obj
 .data.default_alarm_pool_heap
                0x0000000020000f30       0x10 CMakeFiles/adc_display.dir/Users/thetragedyofdarthwise/pico/pico-sdk/src/common/pico_time/time.c.obj
 *fill*         0x0000000020000f40        0x0 
 .data.aeabi_bits_funcs
                0x0000000020000f40       0x10 CMakeFiles/adc_display.dir/Users/thetragedyofdarthwise/pico/pico-sdk/src/rp2_common/pico_bit_ops/bit_ops_aeabi.S.obj
                0x0000000020000f40                aeabi_bits_funcs
                0x0000000020000f50                aeabi_bits_funcs_end
 .data.aeabi_mem_funcs
                0x0000000020000f50       0x10 CMakeFiles/adc_display.dir/Users/thetragedyofdarthwise/pico/pico-sdk/src/rp2_common/pico_mem_ops/mem_ops_aeabi.S.obj
                0x0000000020000f50                aeabi_mem_funcs
                0x0000000020000f60                aeabi_mem_funcs_end
 .data.stdio_usb
                0x0000000020000f60       0x18 CMakeFiles/adc_display.dir/Users/thetragedyofdarthwise/pico/pico-sdk/src/rp2_common/pico_stdio_usb/stdio_usb.c.obj
                0x0000000020000f60                stdio_usb
 .data.ep_dir_string
                0x0000000020000f78        0x8 CMakeFiles/adc_display.dir/Users/thetragedyofdarthwise/pico/pico-sdk/lib/tinyusb/src/portable/raspberrypi/rp2040/rp2040_usb.c.obj
                0x0000000020000f78                ep_dir_string
 .data._usbd_qdef
                0x0000000020000f80       0x1c CMakeFiles/adc_display.dir/Users/thetragedyofdarthwise/pico/pico-sdk/lib/tinyusb/src/device/usbd.c.obj
                0x0000000020000f80                _usbd_qdef
 .data._usbd_rhport
                0x0000000020000f9c        0x1 CMakeFiles/adc_display.dir/Users/thetragedyofdarthwise/pico/pico-sdk/lib/tinyusb/src/device/usbd.c.obj
 *fill*         0x0000000020000f9d        0x3 
 .data.i2c0_inst
                0x0000000020000fa0        0x8 CMakeFiles/adc_display.dir/Users/thetragedyofdarthwise/pico/pico-sdk/src/rp2_common/hardware_i2c/i2c.c.obj
                0x0000000020000fa0                i2c0_inst
 .data.i2c1_inst
                0x0000000020000fa8        0x8 CMakeFiles/adc_display.dir/Users/thetragedyofdarthwise/pico/pico-sdk/src/rp2_common/hardware_i2c/i2c.c.obj
                0x0000000020000fa8                i2c1_inst
 .data._impure_ptr
                0x0000000020000fb0        0x4 /opt/homebrew/Cellar/arm-none-eabi-gcc/10.3-2021.07/gcc/bin/../lib/gcc/arm-none-eabi/10.3.1/../../../../arm-none-eabi/lib/thumb/v6-m/nofp/libc.a(lib_a-impure.o)
                0x0000000020000fb0                _impure_ptr
 *fill*         0x0000000020000fb4        0x4 
 .data.impure_data
                0x0000000020000fb8      0x428 /opt/homebrew/Cellar/arm-none-eabi-gcc/10.3-2021.07/gcc/bin/../lib/gcc/arm-none-eabi/10.3.1/../../../../arm-none-eabi/lib/thumb/v6-m/nofp/libc.a(lib_a-impure.o)
 .data.__malloc_av_
                0x00000000200013e0      0x408 /opt/homebrew/Cellar/arm-none-eabi-gcc/10.3-2021.07/gcc/bin/../lib/gcc/arm-none-eabi/10.3.1/../../../../arm-none-eabi/lib/thumb/v6-m/nofp/libc.a(lib_a-mallocr.o)
                0x00000000200013e0                __malloc_av_
 .data.__malloc_sbrk_base
                0x00000000200017e8        0x4 /opt/homebrew/Cellar/arm-none-eabi-gcc/10.3-2021.07/gcc/bin/../lib/gcc/arm-none-eabi/10.3.1/../../../../arm-none-eabi/lib/thumb/v6-m/nofp/libc.a(lib_a-mallocr.o)
                0x00000000200017e8                __malloc_sbrk_base
 .data.__malloc_trim_threshold
                0x00000000200017ec        0x4 /opt/homebrew/Cellar/arm-none-eabi-gcc/10.3-2021.07/gcc/bin/../lib/gcc/arm-none-eabi/10.3.1/../../../../arm-none-eabi/lib/thumb/v6-m/nofp/libc.a(lib_a-mallocr.o)
                0x00000000200017ec                __malloc_trim_threshold
                0x00000000200017f0                . = ALIGN (0x4)
 *(.after_data.*)
                0x00000000200017f0                . = ALIGN (0x4)
                0x00000000200017f0                PROVIDE (__mutex_array_start = .)
 *(SORT_BY_NAME(.mutex_array.*))
 *(.mutex_array)
 .mutex_array   0x00000000200017f0        0x8 CMakeFiles/adc_display.dir/Users/thetragedyofdarthwise/pico/pico-sdk/src/rp2_common/pico_malloc/pico_malloc.c.obj
 .mutex_array   0x00000000200017f8        0x8 CMakeFiles/adc_display.dir/Users/thetragedyofdarthwise/pico/pico-sdk/src/rp2_common/pico_stdio/stdio.c.obj
                0x0000000020001800                PROVIDE (__mutex_array_end = .)
                0x0000000020001800                . = ALIGN (0x4)
                0x0000000020001800                PROVIDE (__preinit_array_start = .)
 *(SORT_BY_NAME(.preinit_array.*))
 .preinit_array.00001
                0x0000000020001800        0x4 CMakeFiles/adc_display.dir/Users/thetragedyofdarthwise/pico/pico-sdk/src/rp2_common/pico_mem_ops/mem_ops_aeabi.S.obj
 .preinit_array.00010
                0x0000000020001804        0x4 CMakeFiles/adc_display.dir/Users/thetragedyofdarthwise/pico/pico-sdk/src/rp2_common/pico_bit_ops/bit_ops_aeabi.S.obj
 .preinit_array.00020
                0x0000000020001808        0x4 CMakeFiles/adc_display.dir/Users/thetragedyofdarthwise/pico/pico-sdk/src/rp2_common/pico_double/double_aeabi.S.obj
 .preinit_array.00020
                0x000000002000180c        0x4 CMakeFiles/adc_display.dir/Users/thetragedyofdarthwise/pico/pico-sdk/src/rp2_common/pico_float/float_aeabi.S.obj
 *(.preinit_array)
                0x0000000020001810                PROVIDE (__preinit_array_end = .)
                0x0000000020001810                . = ALIGN (0x4)
                0x0000000020001810                PROVIDE (__init_array_start = .)
 *(SORT_BY_NAME(.init_array.*))
 *(.init_array)
 .init_array    0x0000000020001810        0x4 /opt/homebrew/Cellar/arm-none-eabi-gcc/10.3-2021.07/gcc/bin/../lib/gcc/arm-none-eabi/10.3.1/thumb/v6-m/nofp/crtbegin.o
 .init_array    0x0000000020001814        0x4 CMakeFiles/adc_display.dir/Users/thetragedyofdarthwise/pico/pico-sdk/src/rp2_common/pico_unique_id/unique_id.c.obj
                0x0000000020001818                PROVIDE (__init_array_end = .)
                0x0000000020001818                . = ALIGN (0x4)
                [!provide]                        PROVIDE (__fini_array_start = .)
 *(SORT_BY_NAME(.fini_array.*))
 *(.fini_array)
                [!provide]                        PROVIDE (__fini_array_end = .)
 *(.jcr)
                0x0000000020001818                . = ALIGN (0x4)
                0x0000000020001818                __data_end__ = .

.igot.plt       0x0000000020001818        0x0 load address 0x0000000010009bb0
 .igot.plt      0x0000000020001818        0x0 /opt/homebrew/Cellar/arm-none-eabi-gcc/10.3-2021.07/gcc/bin/../lib/gcc/arm-none-eabi/10.3.1/thumb/v6-m/nofp/crtbegin.o

.uninitialized_data
                0x0000000020001818        0x0 load address 0x0000000010009bb0
                0x0000000020001818                . = ALIGN (0x4)
 *(.uninitialized_data*)

.scratch_x      0x0000000020040000        0x0 load address 0x0000000010009bb0
                0x0000000020040000                __scratch_x_start__ = .
 *(.scratch_x.*)
                0x0000000020040000                . = ALIGN (0x4)
                0x0000000020040000                __scratch_x_end__ = .
                0x0000000010009bb0                __scratch_x_source__ = LOADADDR (.scratch_x)

.scratch_y      0x0000000020041000        0x0 load address 0x0000000010009bb0
                0x0000000020041000                __scratch_y_start__ = .
 *(.scratch_y.*)
                0x0000000020041000                . = ALIGN (0x4)
                0x0000000020041000                __scratch_y_end__ = .
                0x0000000010009bb0                __scratch_y_source__ = LOADADDR (.scratch_y)

.bss            0x0000000020001818      0xe60
                0x0000000020001818                . = ALIGN (0x4)
                0x0000000020001818                __bss_start__ = .
 *(SORT_BY_ALIGNMENT(SORT_BY_NAME(.bss*)))
 .bss.default_alarm_pool_entries
                0x0000000020001818      0x100 CMakeFiles/adc_display.dir/Users/thetragedyofdarthwise/pico/pico-sdk/src/common/pico_time/time.c.obj
 .bss.last_avail_time.1
                0x0000000020001918        0x8 CMakeFiles/adc_display.dir/Users/thetragedyofdarthwise/pico/pico-sdk/src/rp2_common/pico_stdio_usb/stdio_usb.c.obj
 .bss.sd_table  0x0000000020001920      0x100 CMakeFiles/adc_display.dir/Users/thetragedyofdarthwise/pico/pico-sdk/src/rp2_common/pico_double/double_init_rom.c.obj
                0x0000000020001920                sd_table
 .bss           0x0000000020001a20       0x1c /opt/homebrew/Cellar/arm-none-eabi-gcc/10.3-2021.07/gcc/bin/../lib/gcc/arm-none-eabi/10.3.1/thumb/v6-m/nofp/crtbegin.o
 .bss.__lock___malloc_recursive_mutex
                0x0000000020001a3c        0x1 /opt/homebrew/Cellar/arm-none-eabi-gcc/10.3-2021.07/gcc/bin/../lib/gcc/arm-none-eabi/10.3.1/../../../../arm-none-eabi/lib/thumb/v6-m/nofp/libc.a(lib_a-lock.o)
                0x0000000020001a3c                __lock___malloc_recursive_mutex
 *fill*         0x0000000020001a3d        0x3 
 .bss.__malloc_current_mallinfo
                0x0000000020001a40       0x28 /opt/homebrew/Cellar/arm-none-eabi-gcc/10.3-2021.07/gcc/bin/../lib/gcc/arm-none-eabi/10.3.1/../../../../arm-none-eabi/lib/thumb/v6-m/nofp/libc.a(lib_a-mallocr.o)
                0x0000000020001a40                __malloc_current_mallinfo
 .bss.__malloc_max_sbrked_mem
                0x0000000020001a68        0x4 /opt/homebrew/Cellar/arm-none-eabi-gcc/10.3-2021.07/gcc/bin/../lib/gcc/arm-none-eabi/10.3.1/../../../../arm-none-eabi/lib/thumb/v6-m/nofp/libc.a(lib_a-mallocr.o)
                0x0000000020001a68                __malloc_max_sbrked_mem
 .bss.__malloc_max_total_mem
                0x0000000020001a6c        0x4 /opt/homebrew/Cellar/arm-none-eabi-gcc/10.3-2021.07/gcc/bin/../lib/gcc/arm-none-eabi/10.3.1/../../../../arm-none-eabi/lib/thumb/v6-m/nofp/libc.a(lib_a-mallocr.o)
                0x0000000020001a6c                __malloc_max_total_mem
 .bss.__malloc_top_pad
                0x0000000020001a70        0x4 /opt/homebrew/Cellar/arm-none-eabi-gcc/10.3-2021.07/gcc/bin/../lib/gcc/arm-none-eabi/10.3.1/../../../../arm-none-eabi/lib/thumb/v6-m/nofp/libc.a(lib_a-mallocr.o)
                0x0000000020001a70                __malloc_top_pad
 .bss._app_driver
                0x0000000020001a74        0x4 CMakeFiles/adc_display.dir/Users/thetragedyofdarthwise/pico/pico-sdk/lib/tinyusb/src/device/usbd.c.obj
 .bss._cdcd_itf
                0x0000000020001a78      0x2c8 CMakeFiles/adc_display.dir/Users/thetragedyofdarthwise/pico/pico-sdk/lib/tinyusb/src/class/cdc/cdc_device.c.obj
 .bss._ctrl_xfer
                0x0000000020001d40       0x14 CMakeFiles/adc_display.dir/Users/thetragedyofdarthwise/pico/pico-sdk/lib/tinyusb/src/device/usbd_control.c.obj
 .bss._ubsd_mutexdef
                0x0000000020001d54        0x8 CMakeFiles/adc_display.dir/Users/thetragedyofdarthwise/pico/pico-sdk/lib/tinyusb/src/device/usbd.c.obj
 .bss._usbd_ctrl_buf
                0x0000000020001d5c       0x40 CMakeFiles/adc_display.dir/Users/thetragedyofdarthwise/pico/pico-sdk/lib/tinyusb/src/device/usbd_control.c.obj
 .bss._usbd_dev
                0x0000000020001d9c       0x53 CMakeFiles/adc_display.dir/Users/thetragedyofdarthwise/pico/pico-sdk/lib/tinyusb/src/device/usbd.c.obj
 *fill*         0x0000000020001def        0x1 
 .bss._usbd_mutex
                0x0000000020001df0        0x4 CMakeFiles/adc_display.dir/Users/thetragedyofdarthwise/pico/pico-sdk/lib/tinyusb/src/device/usbd.c.obj
 .bss._usbd_q   0x0000000020001df4        0x4 CMakeFiles/adc_display.dir/Users/thetragedyofdarthwise/pico/pico-sdk/lib/tinyusb/src/device/usbd.c.obj
 .bss._usbd_qdef_buf
                0x0000000020001df8       0xc0 CMakeFiles/adc_display.dir/Users/thetragedyofdarthwise/pico/pico-sdk/lib/tinyusb/src/device/usbd.c.obj
                0x0000000020001df8                _usbd_qdef_buf
 .bss.alarm_callbacks
                0x0000000020001eb8       0x10 CMakeFiles/adc_display.dir/Users/thetragedyofdarthwise/pico/pico-sdk/src/rp2_common/hardware_timer/timer.c.obj
 .bss.boot2_copyout
                0x0000000020001ec8      0x100 CMakeFiles/adc_display.dir/Users/thetragedyofdarthwise/pico/pico-sdk/src/rp2_common/hardware_flash/flash.c.obj
 .bss.bullets_data
                0x0000000020001fc8       0x78 CMakeFiles/adc_display.dir/main.c.obj
                0x0000000020001fc8                bullets_data
 .bss.chars_available_callback
                0x0000000020002040        0x4 CMakeFiles/adc_display.dir/Users/thetragedyofdarthwise/pico/pico-sdk/src/rp2_common/pico_stdio_usb/stdio_usb.c.obj
 .bss.chars_available_param
                0x0000000020002044        0x4 CMakeFiles/adc_display.dir/Users/thetragedyofdarthwise/pico/pico-sdk/src/rp2_common/pico_stdio_usb/stdio_usb.c.obj
 .bss.claimed   0x0000000020002048        0x4 CMakeFiles/adc_display.dir/Users/thetragedyofdarthwise/pico/pico-sdk/src/rp2_common/hardware_sync/sync.c.obj
 .bss.configured_freq
                0x000000002000204c       0x28 CMakeFiles/adc_display.dir/Users/thetragedyofdarthwise/pico/pico-sdk/src/rp2_common/hardware_clocks/clocks.c.obj
 .bss.default_alarm_pool_entry_ids_high